Archive member included to satisfy reference by file (symbol)

C:/ST/STM32CubeIDE_2.0.0/STM32CubeIDE/plugins/com.st.stm32cube.ide.mcu.externaltools.gnu-tools-for-stm32.13.3.rel1.win32_1.0.100.202509120712/tools/bin/../lib/gcc/arm-none-eabi/13.3.1/../../../../arm-none-eabi/lib/thumb/v7e-m+fp/hard\libc_nano.a(libc_a-atoi.o)
                              ./Core/Src/cycle.o (atoi)
C:/ST/STM32CubeIDE_2.0.0/STM32CubeIDE/plugins/com.st.stm32cube.ide.mcu.externaltools.gnu-tools-for-stm32.13.3.rel1.win32_1.0.100.202509120712/tools/bin/../lib/gcc/arm-none-eabi/13.3.1/../../../../arm-none-eabi/lib/thumb/v7e-m+fp/hard\libc_nano.a(libc_a-exit.o)
                              C:/ST/STM32CubeIDE_2.0.0/STM32CubeIDE/plugins/com.st.stm32cube.ide.mcu.externaltools.gnu-tools-for-stm32.13.3.rel1.win32_1.0.100.202509120712/tools/bin/../lib/gcc/arm-none-eabi/13.3.1/../../../../arm-none-eabi/lib/thumb/v7e-m+fp/hard/crt0.o (exit)
C:/ST/STM32CubeIDE_2.0.0/STM32CubeIDE/plugins/com.st.stm32cube.ide.mcu.externaltools.gnu-tools-for-stm32.13.3.rel1.win32_1.0.100.202509120712/tools/bin/../lib/gcc/arm-none-eabi/13.3.1/../../../../arm-none-eabi/lib/thumb/v7e-m+fp/hard\libc_nano.a(libc_a-strtol.o)
                              C:/ST/STM32CubeIDE_2.0.0/STM32CubeIDE/plugins/com.st.stm32cube.ide.mcu.externaltools.gnu-tools-for-stm32.13.3.rel1.win32_1.0.100.202509120712/tools/bin/../lib/gcc/arm-none-eabi/13.3.1/../../../../arm-none-eabi/lib/thumb/v7e-m+fp/hard\libc_nano.a(libc_a-atoi.o) (_strtol_r)
C:/ST/STM32CubeIDE_2.0.0/STM32CubeIDE/plugins/com.st.stm32cube.ide.mcu.externaltools.gnu-tools-for-stm32.13.3.rel1.win32_1.0.100.202509120712/tools/bin/../lib/gcc/arm-none-eabi/13.3.1/../../../../arm-none-eabi/lib/thumb/v7e-m+fp/hard\libc_nano.a(libc_a-ctype_.o)
                              C:/ST/STM32CubeIDE_2.0.0/STM32CubeIDE/plugins/com.st.stm32cube.ide.mcu.externaltools.gnu-tools-for-stm32.13.3.rel1.win32_1.0.100.202509120712/tools/bin/../lib/gcc/arm-none-eabi/13.3.1/../../../../arm-none-eabi/lib/thumb/v7e-m+fp/hard\libc_nano.a(libc_a-strtol.o) (_ctype_)
C:/ST/STM32CubeIDE_2.0.0/STM32CubeIDE/plugins/com.st.stm32cube.ide.mcu.externaltools.gnu-tools-for-stm32.13.3.rel1.win32_1.0.100.202509120712/tools/bin/../lib/gcc/arm-none-eabi/13.3.1/../../../../arm-none-eabi/lib/thumb/v7e-m+fp/hard\libc_nano.a(libc_a-findfp.o)
                              C:/ST/STM32CubeIDE_2.0.0/STM32CubeIDE/plugins/com.st.stm32cube.ide.mcu.externaltools.gnu-tools-for-stm32.13.3.rel1.win32_1.0.100.202509120712/tools/bin/../lib/gcc/arm-none-eabi/13.3.1/../../../../arm-none-eabi/lib/thumb/v7e-m+fp/hard\libc_nano.a(libc_a-exit.o) (__stdio_exit_handler)
C:/ST/STM32CubeIDE_2.0.0/STM32CubeIDE/plugins/com.st.stm32cube.ide.mcu.externaltools.gnu-tools-for-stm32.13.3.rel1.win32_1.0.100.202509120712/tools/bin/../lib/gcc/arm-none-eabi/13.3.1/../../../../arm-none-eabi/lib/thumb/v7e-m+fp/hard\libc_nano.a(libc_a-fwalk.o)
                              C:/ST/STM32CubeIDE_2.0.0/STM32CubeIDE/plugins/com.st.stm32cube.ide.mcu.externaltools.gnu-tools-for-stm32.13.3.rel1.win32_1.0.100.202509120712/tools/bin/../lib/gcc/arm-none-eabi/13.3.1/../../../../arm-none-eabi/lib/thumb/v7e-m+fp/hard\libc_nano.a(libc_a-findfp.o) (_fwalk_sglue)
C:/ST/STM32CubeIDE_2.0.0/STM32CubeIDE/plugins/com.st.stm32cube.ide.mcu.externaltools.gnu-tools-for-stm32.13.3.rel1.win32_1.0.100.202509120712/tools/bin/../lib/gcc/arm-none-eabi/13.3.1/../../../../arm-none-eabi/lib/thumb/v7e-m+fp/hard\libc_nano.a(libc_a-stdio.o)
                              C:/ST/STM32CubeIDE_2.0.0/STM32CubeIDE/plugins/com.st.stm32cube.ide.mcu.externaltools.gnu-tools-for-stm32.13.3.rel1.win32_1.0.100.202509120712/tools/bin/../lib/gcc/arm-none-eabi/13.3.1/../../../../arm-none-eabi/lib/thumb/v7e-m+fp/hard\libc_nano.a(libc_a-findfp.o) (__sread)
C:/ST/STM32CubeIDE_2.0.0/STM32CubeIDE/plugins/com.st.stm32cube.ide.mcu.externaltools.gnu-tools-for-stm32.13.3.rel1.win32_1.0.100.202509120712/tools/bin/../lib/gcc/arm-none-eabi/13.3.1/../../../../arm-none-eabi/lib/thumb/v7e-m+fp/hard\libc_nano.a(libc_a-memset.o)
                              C:/ST/STM32CubeIDE_2.0.0/STM32CubeIDE/plugins/com.st.stm32cube.ide.mcu.externaltools.gnu-tools-for-stm32.13.3.rel1.win32_1.0.100.202509120712/tools/bin/../lib/gcc/arm-none-eabi/13.3.1/../../../../arm-none-eabi/lib/thumb/v7e-m+fp/hard/crt0.o (memset)
C:/ST/STM32CubeIDE_2.0.0/STM32CubeIDE/plugins/com.st.stm32cube.ide.mcu.externaltools.gnu-tools-for-stm32.13.3.rel1.win32_1.0.100.202509120712/tools/bin/../lib/gcc/arm-none-eabi/13.3.1/../../../../arm-none-eabi/lib/thumb/v7e-m+fp/hard\libc_nano.a(libc_a-closer.o)
                              C:/ST/STM32CubeIDE_2.0.0/STM32CubeIDE/plugins/com.st.stm32cube.ide.mcu.externaltools.gnu-tools-for-stm32.13.3.rel1.win32_1.0.100.202509120712/tools/bin/../lib/gcc/arm-none-eabi/13.3.1/../../../../arm-none-eabi/lib/thumb/v7e-m+fp/hard\libc_nano.a(libc_a-stdio.o) (_close_r)
[...]
Memory Configuration

Name             Origin             Length             Attributes
RAM              0x20000000         0x00040000         xrw
FLASH            0x08000000         0x00100000         xr
*default*        0x00000000         0xffffffff

Linker script and memory map

LOAD C:/ST/STM32CubeIDE_2.0.0/STM32CubeIDE/plugins/com.st.stm32cube.ide.mcu.externaltools.gnu-tools-for-stm32.13.3.rel1.win32_1.0.100.202509120712/tools/bin/../lib/gcc/arm-none-eabi/13.3.1/thumb/v7e-m+fp/hard/crti.o
LOAD C:/ST/STM32CubeIDE_2.0.0/STM32CubeIDE/plugins/com.st.stm32cube.ide.mcu.externaltools.gnu-tools-for-stm32.13.3.rel1.win32_1.0.100.202509120712/tools/bin/../lib/gcc/arm-none-eabi/13.3.1/thumb/v7e-m+fp/hard/crtbegin.o
LOAD C:/ST/STM32CubeIDE_2.0.0/STM32CubeIDE/plugins/com.st.stm32cube.ide.mcu.externaltools.gnu-tools-for-stm32.13.3.rel1.win32_1.0.100.202509120712/tools/bin/../lib/gcc/arm-none-eabi/13.3.1/../../../../arm-none-eabi/lib/thumb/v7e-m+fp/hard/crt0.o
LOAD ./Core/Src/adc.o
LOAD ./Core/Src/cycle.o
LOAD ./Core/Src/delay_us.o
LOAD ./Core/Src/dma.o
LOAD ./Core/Src/gpio.o
LOAD ./Core/Src/heat.o
LOAD ./Core/Src/init.o
LOAD ./Core/Src/irq.o
LOAD ./Core/Src/main.o
LOAD ./Core/Src/nextion_com.o
LOAD ./Core/Src/nrf24l01p.o
LOAD ./Core/Src/relay.o
LOAD ./Core/Src/spi.o
LOAD ./Core/Src/stm32f4xx_hal_msp.o
LOAD ./Core/Src/stm32f4xx_it.o
LOAD ./Core/Src/syscalls.o
LOAD ./Core/Src/sysmem.o
LOAD ./Core/Src/system_stm32f4xx.o
LOAD ./Core/Src/thermistor.o
LOAD ./Core/Src/tim.o
LOAD ./Core/Src/uart_cmd.o
LOAD ./Core/Src/uart_dma.o
LOAD ./Core/Src/usart.o
LOAD ./Core/Startup/startup_stm32f412rgtx.o
LOAD ./Drivers/STM32F4xx_HAL_Driver/Src/stm32f4xx_hal.o
LOAD ./Drivers/STM32F4xx_HAL_Driver/Src/stm32f4xx_hal_adc.o
LOAD ./Drivers/STM32F4xx_HAL_Driver/Src/stm32f4xx_hal_adc_ex.o
LOAD ./Drivers/STM32F4xx_HAL_Driver/Src/stm32f4xx_hal_cortex.o
LOAD ./Drivers/STM32F4xx_HAL_Driver/Src/stm32f4xx_hal_dma.o
LOAD ./Drivers/STM32F4xx_HAL_Driver/Src/stm32f4xx_hal_dma_ex.o
LOAD ./Drivers/STM32F4xx_HAL_Driver/Src/stm32f4xx_hal_exti.o
LOAD ./Drivers/STM32F4xx_HAL_Driver/Src/stm32f4xx_hal_flash.o
LOAD ./Drivers/STM32F4xx_HAL_Driver/Src/stm32f4xx_hal_flash_ex.o
LOAD ./Drivers/STM32F4xx_HAL_Driver/Src/stm32f4xx_hal_flash_ramfunc.o
LOAD ./Drivers/STM32F4xx_HAL_Driver/Src/stm32f4xx_hal_gpio.o
LOAD ./Drivers/STM32F4xx_HAL_Driver/Src/stm32f4xx_hal_pwr.o
LOAD ./Drivers/STM32F4xx_HAL_Driver/Src/stm32f4xx_hal_pwr_ex.o
LOAD ./Drivers/STM32F4xx_HAL_Driver/Src/stm32f4xx_hal_rcc.o
LOAD ./Drivers/STM32F4xx_HAL_Driver/Src/stm32f4xx_hal_rcc_ex.o
LOAD ./Drivers/STM32F4xx_HAL_Driver/Src/stm32f4xx_hal_spi.o
LOAD ./Drivers/STM32F4xx_HAL_Driver/Src/stm32f4xx_hal_tim.o
LOAD ./Drivers/STM32F4xx_HAL_Driver/Src/stm32f4xx_hal_tim_ex.o
LOAD ./Drivers/STM32F4xx_HAL_Driver/Src/stm32f4xx_hal_uart.o
START GROUP
LOAD C:/ST/STM32CubeIDE_2.0.0/STM32CubeIDE/plugins/com.st.stm32cube.ide.mcu.externaltools.gnu-tools-for-stm32.13.3.rel1.win32_1.0.100.202509120712/tools/bin/../lib/gcc/arm-none-eabi/13.3.1/../../../../arm-none-eabi/lib/thumb/v7e-m+fp/hard\libc_nano.a
LOAD C:/ST/STM32CubeIDE_2.0.0/STM32CubeIDE/plugins/com.st.stm32cube.ide.mcu.externaltools.gnu-tools-for-stm32.13.3.rel1.win32_1.0.100.202509120712/tools/bin/../lib/gcc/arm-none-eabi/13.3.1/../../../../arm-none-eabi/lib/thumb/v7e-m+fp/hard\libm.a
END GROUP
START GROUP
LOAD C:/ST/STM32CubeIDE_2.0.0/STM32CubeIDE/plugins/com.st.stm32cube.ide.mcu.externaltools.gnu-tools-for-stm32.13.3.rel1.win32_1.0.100.202509120712/tools/bin/../lib/gcc/arm-none-eabi/13.3.1/thumb/v7e-m+fp/hard\libgcc.a
LOAD C:/ST/STM32CubeIDE_2.0.0/STM32CubeIDE/plugins/com.st.stm32cube.ide.mcu.externaltools.gnu-tools-for-stm32.13.3.rel1.win32_1.0.100.202509120712/tools/bin/../lib/gcc/arm-none-eabi/13.3.1/../../../../arm-none-eabi/lib/thumb/v7e-m+fp/hard\libc_nano.a
END GROUP
START GROUP
LOAD C:/ST/STM32CubeIDE_2.0.0/STM32CubeIDE/plugins/com.st.stm32cube.ide.mcu.externaltools.gnu-tools-for-stm32.13.3.rel1.win32_1.0.100.202509120712/tools/bin/../lib/gcc/arm-none-eabi/13.3.1/thumb/v7e-m+fp/hard\libgcc.a
LOAD C:/ST/STM32CubeIDE_2.0.0/STM32CubeIDE/plugins/com.st.stm32cube.ide.mcu.externaltools.gnu-tools-for-stm32.13.3.rel1.win32_1.0.100.202509120712/tools/bin/../lib/gcc/arm-none-eabi/13.3.1/../../../../arm-none-eabi/lib/thumb/v7e-m+fp/hard\libc_nano.a
LOAD C:/ST/STM32CubeIDE_2.0.0/STM32CubeIDE/plugins/com.st.stm32cube.ide.mcu.externaltools.gnu-tools-for-stm32.13.3.rel1.win32_1.0.100.202509120712/tools/bin/../lib/gcc/arm-none-eabi/13.3.1/../../../../arm-none-eabi/lib/thumb/v7e-m+fp/hard\libnosys.a
END GROUP
START GROUP
LOAD C:/ST/STM32CubeIDE_2.0.0/STM32CubeIDE/plugins/com.st.stm32cube.ide.mcu.externaltools.gnu-tools-for-stm32.13.3.rel1.win32_1.0.100.202509120712/tools/bin/../lib/gcc/arm-none-eabi/13.3.1/thumb/v7e-m+fp/hard\libgcc.a
LOAD C:/ST/STM32CubeIDE_2.0.0/STM32CubeIDE/plugins/com.st.stm32cube.ide.mcu.externaltools.gnu-tools-for-stm32.13.3.rel1.win32_1.0.100.202509120712/tools/bin/../lib/gcc/arm-none-eabi/13.3.1/../../../../arm-none-eabi/lib/thumb/v7e-m+fp/hard\libc_nano.a
LOAD C:/ST/STM32CubeIDE_2.0.0/STM32CubeIDE/plugins/com.st.stm32cube.ide.mcu.externaltools.gnu-tools-for-stm32.13.3.rel1.win32_1.0.100.202509120712/tools/bin/../lib/gcc/arm-none-eabi/13.3.1/../../../../arm-none-eabi/lib/thumb/v7e-m+fp/hard\libnosys.a
END GROUP
LOAD C:/ST/STM32CubeIDE_2.0.0/STM32CubeIDE/plugins/com.st.stm32cube.ide.mcu.externaltools.gnu-tools-for-stm32.13.3.rel1.win32_1.0.100.202509120712/tools/bin/../lib/gcc/arm-none-eabi/13.3.1/thumb/v7e-m+fp/hard/crtend.o
LOAD C:/ST/STM32CubeIDE_2.0.0/STM32CubeIDE/plugins/com.st.stm32cube.ide.mcu.externaltools.gnu-tools-for-stm32.13.3.rel1.win32_1.0.100.202509120712/tools/bin/../lib/gcc/arm-none-eabi/13.3.1/thumb/v7e-m+fp/hard/crtn.o
                0x20040000                        _estack = (ORIGIN (RAM) + LENGTH (RAM))
                0x00000200                        _Min_Heap_Size = 0x200
                0x00000400                        _Min_Stack_Size = 0x400

.isr_vector     0x08000000      0x1c4
                0x08000000                        . = ALIGN (0x4)
 *(.isr_vector)
 .isr_vector    0x08000000      0x1c4 ./Core/Startup/startup_stm32f412rgtx.o
                0x08000000                g_pfnVectors
                0x080001c4                        . = ALIGN (0x4)

.text           0x080001c8     0x5b18
                0x080001c8                        . = ALIGN (0x4)
 *(.text)
 .text          0x080001c8       0x40 C:/ST/STM32CubeIDE_2.0.0/STM32CubeIDE/plugins/com.st.stm32cube.ide.mcu.externaltools.gnu-tools-for-stm32.13.3.rel1.win32_1.0.100.202509120712/tools/bin/../lib/gcc/arm-none-eabi/13.3.1/thumb/v7e-m+fp/hard/crtbegin.o
 .text          0x08000208       0x14 C:/ST/STM32CubeIDE_2.0.0/STM32CubeIDE/plugins/com.st.stm32cube.ide.mcu.externaltools.gnu-tools-for-stm32.13.3.rel1.win32_1.0.100.202509120712/tools/bin/../lib/gcc/arm-none-eabi/13.3.1/../../../../arm-none-eabi/lib/thumb/v7e-m+fp/hard\libc_nano.a(libc_a-strcmp.o)
                0x08000208                strcmp
 .text          0x0800021c       0x30 C:/ST/STM32CubeIDE_2.0.0/STM32CubeIDE/plugins/com.st.stm32cube.ide.mcu.externaltools.gnu-tools-for-stm32.13.3.rel1.win32_1.0.100.202509120712/tools/bin/../lib/gcc/arm-none-eabi/13.3.1/thumb/v7e-m+fp/hard\libgcc.a(_aeabi_uldivmod.o)
                0x0800021c                __aeabi_uldivmod
 .text          0x0800024c      0x2f8 C:/ST/STM32CubeIDE_2.0.0/STM32CubeIDE/plugins/com.st.stm32cube.ide.mcu.externaltools.gnu-tools-for-stm32.13.3.rel1.win32_1.0.100.202509120712/tools/bin/../lib/gcc/arm-none-eabi/13.3.1/thumb/v7e-m+fp/hard\libgcc.a(_udivmoddi4.o)
                0x0800024c                __udivmoddi4
 .text          0x08000544        0x4 C:/ST/STM32CubeIDE_2.0.0/STM32CubeIDE/plugins/com.st.stm32cube.ide.mcu.externaltools.gnu-tools-for-stm32.13.3.rel1.win32_1.0.100.202509120712/tools/bin/../lib/gcc/arm-none-eabi/13.3.1/thumb/v7e-m+fp/hard\libgcc.a(_dvmd_tls.o)
                0x08000544                __aeabi_idiv0
                0x08000544                __aeabi_ldiv0
 *(.text*)
 .text.MX_ADC1_Init
                0x08000548      0x170 ./Core/Src/adc.o
                0x08000548                MX_ADC1_Init
 .text.HAL_ADC_MspInit
                0x080006b8       0xbc ./Core/Src/adc.o
                0x080006b8                HAL_ADC_MspInit
 .text.cycle    0x08000774      0x6a4 ./Core/Src/cycle.o
                0x08000774                cycle
 .text.delay_us_init
                0x08000e18       0x44 ./Core/Src/delay_us.o
                0x08000e18                delay_us_init
 .text.delay_us
                0x08000e5c       0x30 ./Core/Src/delay_us.o
                0x08000e5c                delay_us
 .text.MX_DMA_Init
                0x08000e8c       0x58 ./Core/Src/dma.o
                0x08000e8c                MX_DMA_Init
 .text.MX_GPIO_Init
                0x08000ee4      0x110 ./Core/Src/gpio.o
                0x08000ee4                MX_GPIO_Init
 .text.heat     0x08000ff4      0x3f8 ./Core/Src/heat.o
                0x08000ff4                heat
 .text.init     0x080013ec       0x84 ./Core/Src/init.o
                0x080013ec                init
 .text.HAL_GPIO_EXTI_Callback
                0x08001470       0x10 ./Core/Src/irq.o
                0x08001470                HAL_GPIO_EXTI_Callback
 .text.HAL_TIM_PeriodElapsedCallback
                0x08001480       0x98 ./Core/Src/irq.o
                0x08001480                HAL_TIM_PeriodElapsedCallback
 .text.HAL_UARTEx_RxEventCallback
                0x08001518       0x2c ./Core/Src/irq.o
                0x08001518                HAL_UARTEx_RxEventCallback
 .text.SystemClock_Config
                0x08001544       0xa0 ./Core/Src/main.o
                0x08001544                SystemClock_Config
 .text.startup.main
                0x080015e4       0x40 ./Core/Src/main.o
                0x080015e4                main
 .text.Error_Handler
                0x08001624        0x4 ./Core/Src/main.o
                0x08001624                Error_Handler
 .text.SendTemperatureNextion
                0x08001628      0x440 ./Core/Src/nextion_com.o
                0x08001628                SendTemperatureNextion
 .text.nrf24l01p_reset
                0x08001a68      0x334 ./Core/Src/nrf24l01p.o
                0x08001a68                nrf24l01p_reset
 .text.nrf24l01p_rx_init
                0x08001d9c      0x320 ./Core/Src/nrf24l01p.o
                0x08001d9c                nrf24l01p_rx_init
 .text.nrf24l01p_tx_transmit
                0x080020bc       0xe8 ./Core/Src/nrf24l01p.o
                0x080020bc                nrf24l01p_tx_transmit
 .text.nrf24l01p_rx_receive
                0x080021a4       0x98 ./Core/Src/nrf24l01p.o
                0x080021a4                nrf24l01p_rx_receive
 .text.nrf24l01p_switch_rx_to_tx
                0x0800223c      0x154 ./Core/Src/nrf24l01p.o
                0x0800223c                nrf24l01p_switch_rx_to_tx
 .text.nrf24l01p_switch_tx_to_rx
                0x08002390      0x168 ./Core/Src/nrf24l01p.o
                0x08002390                nrf24l01p_switch_tx_to_rx
 .text.nrf24l01p_set_address
                0x080024f8       0x90 ./Core/Src/nrf24l01p.o
                0x080024f8                nrf24l01p_set_address
 .text.relay1   0x08002588       0x14 ./Core/Src/relay.o
                0x08002588                relay1
 .text.relay2   0x0800259c       0x14 ./Core/Src/relay.o
                0x0800259c                relay2
 .text.relay3   0x080025b0       0x14 ./Core/Src/relay.o
                0x080025b0                relay3
 .text.relay4   0x080025c4       0x14 ./Core/Src/relay.o
                0x080025c4                relay4
 .text.relay5   0x080025d8       0x14 ./Core/Src/relay.o
                0x080025d8                relay5
 .text.relay6   0x080025ec       0x14 ./Core/Src/relay.o
                0x080025ec                relay6
 .text.MX_SPI2_Init
                0x08002600       0x44 ./Core/Src/spi.o
                0x08002600                MX_SPI2_Init
 .text.HAL_SPI_MspInit
                0x08002644       0xac ./Core/Src/spi.o
                0x08002644                HAL_SPI_MspInit
 .text.HAL_MspInit
                0x080026f0       0x38 ./Core/Src/stm32f4xx_hal_msp.o
                0x080026f0                HAL_MspInit
 .text.NMI_Handler
                0x08002728        0x4 ./Core/Src/stm32f4xx_it.o
                0x08002728                NMI_Handler
 .text.HardFault_Handler
                0x0800272c        0x4 ./Core/Src/stm32f4xx_it.o
                0x0800272c                HardFault_Handler
 .text.MemManage_Handler
                0x08002730        0x4 ./Core/Src/stm32f4xx_it.o
                0x08002730                MemManage_Handler
 .text.BusFault_Handler
                0x08002734        0x4 ./Core/Src/stm32f4xx_it.o
                0x08002734                BusFault_Handler
 .text.UsageFault_Handler
                0x08002738        0x4 ./Core/Src/stm32f4xx_it.o
                0x08002738                UsageFault_Handler
 .text.SVC_Handler
                0x0800273c        0x4 ./Core/Src/stm32f4xx_it.o
                0x0800273c                SVC_Handler
 .text.DebugMon_Handler
                0x08002740        0x4 ./Core/Src/stm32f4xx_it.o
                0x08002740                DebugMon_Handler
 .text.PendSV_Handler
                0x08002744        0x4 ./Core/Src/stm32f4xx_it.o
                0x08002744                PendSV_Handler
 .text.SysTick_Handler
                0x08002748        0x4 ./Core/Src/stm32f4xx_it.o
                0x08002748                SysTick_Handler
 .text.ADC_IRQHandler
                0x0800274c        0xc ./Core/Src/stm32f4xx_it.o
                0x0800274c                ADC_IRQHandler
 .text.EXTI9_5_IRQHandler
                0x08002758        0x8 ./Core/Src/stm32f4xx_it.o
                0x08002758                EXTI9_5_IRQHandler
 .text.TIM1_TRG_COM_TIM11_IRQHandler
                0x08002760        0xc ./Core/Src/stm32f4xx_it.o
                0x08002760                TIM1_TRG_COM_TIM11_IRQHandler
 .text.SPI2_IRQHandler
                0x0800276c        0xc ./Core/Src/stm32f4xx_it.o
                0x0800276c                SPI2_IRQHandler
 .text.USART1_IRQHandler
                0x08002778        0xc ./Core/Src/stm32f4xx_it.o
                0x08002778                USART1_IRQHandler
 .text.TIM8_UP_TIM13_IRQHandler
                0x08002784        0xc ./Core/Src/stm32f4xx_it.o
                0x08002784                TIM8_UP_TIM13_IRQHandler
 .text.TIM8_TRG_COM_TIM14_IRQHandler
                0x08002790        0xc ./Core/Src/stm32f4xx_it.o
                0x08002790                TIM8_TRG_COM_TIM14_IRQHandler
 .text.TIM6_IRQHandler
                0x0800279c        0xc ./Core/Src/stm32f4xx_it.o
                0x0800279c                TIM6_IRQHandler
 .text.TIM7_IRQHandler
                0x080027a8        0xc ./Core/Src/stm32f4xx_it.o
                0x080027a8                TIM7_IRQHandler
 .text.DMA2_Stream0_IRQHandler
                0x080027b4        0xc ./Core/Src/stm32f4xx_it.o
                0x080027b4                DMA2_Stream0_IRQHandler
 .text.DMA2_Stream2_IRQHandler
                0x080027c0        0xc ./Core/Src/stm32f4xx_it.o
                0x080027c0                DMA2_Stream2_IRQHandler
 .text.DMA2_Stream7_IRQHandler
                0x080027cc        0xc ./Core/Src/stm32f4xx_it.o
                0x080027cc                DMA2_Stream7_IRQHandler
 .text.SystemInit
                0x080027d8       0x14 ./Core/Src/system_stm32f4xx.o
                0x080027d8                SystemInit
 .text.NTC_ADC2Temperature
                0x080027ec       0x24 ./Core/Src/thermistor.o
                0x080027ec                NTC_ADC2Temperature
 .text.MX_TIM6_Init
                0x08002810       0x58 ./Core/Src/tim.o
                0x08002810                MX_TIM6_Init
 .text.MX_TIM7_Init
                0x08002868       0x30 ./Core/Src/tim.o
                0x08002868                MX_TIM7_Init
 .text.MX_TIM10_Init
                0x08002898       0x30 ./Core/Src/tim.o
                0x08002898                MX_TIM10_Init
 .text.MX_TIM11_Init
                0x080028c8       0x34 ./Core/Src/tim.o
                0x080028c8                MX_TIM11_Init
 .text.MX_TIM13_Init
                0x080028fc       0x34 ./Core/Src/tim.o
                0x080028fc                MX_TIM13_Init
 .text.MX_TIM14_Init
                0x08002930       0x34 ./Core/Src/tim.o
                0x08002930                MX_TIM14_Init
 .text.HAL_TIM_Base_MspInit
                0x08002964      0x130 ./Core/Src/tim.o
                0x08002964                HAL_TIM_Base_MspInit
 .text.uart_cmd_push
                0x08002a94       0x64 ./Core/Src/uart_cmd.o
                0x08002a94                uart_cmd_push
 .text.uart_cmd_pop
                0x08002af8       0x60 ./Core/Src/uart_cmd.o
                0x08002af8                uart_cmd_pop
 .text.uart_tx_init
                0x08002b58       0x1c ./Core/Src/uart_dma.o
                0x08002b58                uart_tx_init
 .text.uart_tx_write
                0x08002b74       0xc4 ./Core/Src/uart_dma.o
                0x08002b74                uart_tx_write
 .text.HAL_UART_TxCpltCallback
                0x08002c38       0x94 ./Core/Src/uart_dma.o
                0x08002c38                HAL_UART_TxCpltCallback
 .text.uart_rx_init
                0x08002ccc       0x38 ./Core/Src/uart_dma.o
                0x08002ccc                uart_rx_init
 .text.MX_USART1_UART_Init
                0x08002d04       0x38 ./Core/Src/usart.o
                0x08002d04                MX_USART1_UART_Init
 .text.HAL_UART_MspInit
                0x08002d3c      0x100 ./Core/Src/usart.o
                0x08002d3c                HAL_UART_MspInit
 .text.Reset_Handler
                0x08002e3c       0x50 ./Core/Startup/startup_stm32f412rgtx.o
                0x08002e3c                Reset_Handler
 .text.Default_Handler
                0x08002e8c        0x2 ./Core/Startup/startup_stm32f412rgtx.o
                0x08002e8c                RTC_Alarm_IRQHandler
                0x08002e8c                EXTI2_IRQHandler
                0x08002e8c                TIM8_CC_IRQHandler
                0x08002e8c                FMPI2C1_EV_IRQHandler
                0x08002e8c                SPI4_IRQHandler
                0x08002e8c                TIM1_CC_IRQHandler
                0x08002e8c                DMA2_Stream5_IRQHandler
                0x08002e8c                DMA1_Stream5_IRQHandler
                0x08002e8c                PVD_IRQHandler
                0x08002e8c                SDIO_IRQHandler
                0x08002e8c                TAMP_STAMP_IRQHandler
                0x08002e8c                CAN2_RX1_IRQHandler
                0x08002e8c                EXTI3_IRQHandler
                0x08002e8c                DFSDM1_FLT1_IRQHandler
                0x08002e8c                TIM1_UP_TIM10_IRQHandler
                0x08002e8c                I2C3_ER_IRQHandler
                0x08002e8c                EXTI0_IRQHandler
                0x08002e8c                I2C2_EV_IRQHandler
                0x08002e8c                DMA1_Stream2_IRQHandler
                0x08002e8c                CAN1_RX0_IRQHandler
                0x08002e8c                FPU_IRQHandler
                0x08002e8c                CAN2_SCE_IRQHandler
                0x08002e8c                SPI1_IRQHandler
                0x08002e8c                TIM1_BRK_TIM9_IRQHandler
                0x08002e8c                CAN2_RX0_IRQHandler
                0x08002e8c                DMA2_Stream3_IRQHandler
                0x08002e8c                USART6_IRQHandler
                0x08002e8c                USART3_IRQHandler
                0x08002e8c                CAN1_RX1_IRQHandler
                0x08002e8c                TIM4_IRQHandler
                0x08002e8c                QUADSPI_IRQHandler
                0x08002e8c                I2C1_EV_IRQHandler
                0x08002e8c                DMA1_Stream6_IRQHandler
                0x08002e8c                DMA1_Stream1_IRQHandler
                0x08002e8c                TIM3_IRQHandler
                0x08002e8c                RCC_IRQHandler
                0x08002e8c                TIM8_BRK_TIM12_IRQHandler
                0x08002e8c                Default_Handler
                0x08002e8c                EXTI15_10_IRQHandler
                0x08002e8c                DMA1_Stream7_IRQHandler
                0x08002e8c                SPI5_IRQHandler
                0x08002e8c                CAN2_TX_IRQHandler
                0x08002e8c                TIM5_IRQHandler
                0x08002e8c                I2C3_EV_IRQHandler
                0x08002e8c                RTC_WKUP_IRQHandler
                0x08002e8c                DMA1_Stream0_IRQHandler
                0x08002e8c                CAN1_TX_IRQHandler
                0x08002e8c                FMPI2C1_ER_IRQHandler
                0x08002e8c                EXTI4_IRQHandler
                0x08002e8c                RNG_IRQHandler
                0x08002e8c                WWDG_IRQHandler
                0x08002e8c                TIM2_IRQHandler
                0x08002e8c                OTG_FS_WKUP_IRQHandler
                0x08002e8c                EXTI1_IRQHandler
                0x08002e8c                USART2_IRQHandler
                0x08002e8c                DFSDM1_FLT0_IRQHandler
                0x08002e8c                I2C2_ER_IRQHandler
                0x08002e8c                DMA2_Stream1_IRQHandler
                0x08002e8c                CAN1_SCE_IRQHandler
                0x08002e8c                FLASH_IRQHandler
                0x08002e8c                DMA2_Stream4_IRQHandler
                0x08002e8c                OTG_FS_IRQHandler
                0x08002e8c                SPI3_IRQHandler
                0x08002e8c                DMA1_Stream4_IRQHandler
                0x08002e8c                I2C1_ER_IRQHandler
                0x08002e8c                DMA2_Stream6_IRQHandler
                0x08002e8c                DMA1_Stream3_IRQHandler
 *fill*         0x08002e8e        0x2 
 .text.HAL_InitTick
                0x08002e90       0x48 ./Drivers/STM32F4xx_HAL_Driver/Src/stm32f4xx_hal.o
                0x08002e90                HAL_InitTick
 .text.HAL_Init
                0x08002ed8       0x34 ./Drivers/STM32F4xx_HAL_Driver/Src/stm32f4xx_hal.o
                0x08002ed8                HAL_Init
 .text.HAL_IncTick
                0x08002f0c       0x18 ./Drivers/STM32F4xx_HAL_Driver/Src/stm32f4xx_hal.o
                0x08002f0c                HAL_IncTick
 .text.HAL_GetTick
                0x08002f24        0xc ./Drivers/STM32F4xx_HAL_Driver/Src/stm32f4xx_hal.o
                0x08002f24                HAL_GetTick
 .text.HAL_Delay
                0x08002f30       0x24 ./Drivers/STM32F4xx_HAL_Driver/Src/stm32f4xx_hal.o
                0x08002f30                HAL_Delay
 .text.HAL_ADC_Init
                0x08002f54      0x158 ./Drivers/STM32F4xx_HAL_Driver/Src/stm32f4xx_hal_adc.o
                0x08002f54                HAL_ADC_Init
 .text.HAL_ADC_Start
                0x080030ac       0xe0 ./Drivers/STM32F4xx_HAL_Driver/Src/stm32f4xx_hal_adc.o
                0x080030ac                HAL_ADC_Start
 .text.HAL_ADC_Start_DMA
                0x0800318c      0x130 ./Drivers/STM32F4xx_HAL_Driver/Src/stm32f4xx_hal_adc.o
                0x0800318c                HAL_ADC_Start_DMA
 .text.HAL_ADC_ConvCpltCallback
                0x080032bc        0x4 ./Drivers/STM32F4xx_HAL_Driver/Src/stm32f4xx_hal_adc.o
                0x080032bc                HAL_ADC_ConvCpltCallback
 .text.HAL_ADC_ConvHalfCpltCallback
                0x080032c0        0x4 ./Drivers/STM32F4xx_HAL_Driver/Src/stm32f4xx_hal_adc.o
                0x080032c0                HAL_ADC_ConvHalfCpltCallback
 .text.ADC_DMAHalfConvCplt
                0x080032c4        0xc ./Drivers/STM32F4xx_HAL_Driver/Src/stm32f4xx_hal_adc.o
 .text.HAL_ADC_LevelOutOfWindowCallback
                0x080032d0        0x4 ./Drivers/STM32F4xx_HAL_Driver/Src/stm32f4xx_hal_adc.o
                0x080032d0                HAL_ADC_LevelOutOfWindowCallback
 .text.HAL_ADC_ErrorCallback
                0x080032d4        0x4 ./Drivers/STM32F4xx_HAL_Driver/Src/stm32f4xx_hal_adc.o
                0x080032d4                HAL_ADC_ErrorCallback
 .text.HAL_ADC_IRQHandler
                0x080032d8      0x120 ./Drivers/STM32F4xx_HAL_Driver/Src/stm32f4xx_hal_adc.o
                0x080032d8                HAL_ADC_IRQHandler
 .text.ADC_DMAError
                0x080033f8       0x18 ./Drivers/STM32F4xx_HAL_Driver/Src/stm32f4xx_hal_adc.o
 .text.ADC_DMAConvCplt
                0x08003410       0x6c ./Drivers/STM32F4xx_HAL_Driver/Src/stm32f4xx_hal_adc.o
 .text.HAL_ADC_ConfigChannel
                0x0800347c      0x150 ./Drivers/STM32F4xx_HAL_Driver/Src/stm32f4xx_hal_adc.o
                0x0800347c                HAL_ADC_ConfigChannel
 .text.HAL_ADC_AnalogWDGConfig
                0x080035cc       0x68 ./Drivers/STM32F4xx_HAL_Driver/Src/stm32f4xx_hal_adc.o
                0x080035cc                HAL_ADC_AnalogWDGConfig
 .text.HAL_ADCEx_InjectedConvCpltCallback
                0x08003634        0x4 ./Drivers/STM32F4xx_HAL_Driver/Src/stm32f4xx_hal_adc_ex.o
                0x08003634                HAL_ADCEx_InjectedConvCpltCallback
 .text.HAL_NVIC_SetPriorityGrouping
                0x08003638       0x24 ./Drivers/STM32F4xx_HAL_Driver/Src/stm32f4xx_hal_cortex.o
                0x08003638                HAL_NVIC_SetPriorityGrouping
 .text.HAL_NVIC_SetPriority
                0x0800365c       0x78 ./Drivers/STM32F4xx_HAL_Driver/Src/stm32f4xx_hal_cortex.o
                0x0800365c                HAL_NVIC_SetPriority
 .text.HAL_NVIC_EnableIRQ
                0x080036d4       0x1c ./Drivers/STM32F4xx_HAL_Driver/Src/stm32f4xx_hal_cortex.o
                0x080036d4                HAL_NVIC_EnableIRQ
 .text.HAL_SYSTICK_Config
                0x080036f0       0x34 ./Drivers/STM32F4xx_HAL_Driver/Src/stm32f4xx_hal_cortex.o
                0x080036f0                HAL_SYSTICK_Config
 .text.HAL_DMA_Init
                0x08003724      0x128 ./Drivers/STM32F4xx_HAL_Driver/Src/stm32f4xx_hal_dma.o
                0x08003724                HAL_DMA_Init
 .text.HAL_DMA_Start_IT
                0x0800384c       0x78 ./Drivers/STM32F4xx_HAL_Driver/Src/stm32f4xx_hal_dma.o
                0x0800384c                HAL_DMA_Start_IT
 .text.HAL_DMA_Abort
                0x080038c4       0x94 ./Drivers/STM32F4xx_HAL_Driver/Src/stm32f4xx_hal_dma.o
                0x080038c4                HAL_DMA_Abort
 .text.HAL_DMA_Abort_IT
                0x08003958       0x24 ./Drivers/STM32F4xx_HAL_Driver/Src/stm32f4xx_hal_dma.o
                0x08003958                HAL_DMA_Abort_IT
 .text.HAL_DMA_IRQHandler
                0x0800397c      0x1ac ./Drivers/STM32F4xx_HAL_Driver/Src/stm32f4xx_hal_dma.o
                0x0800397c                HAL_DMA_IRQHandler
 .text.HAL_GPIO_Init
                0x08003b28      0x354 ./Drivers/STM32F4xx_HAL_Driver/Src/stm32f4xx_hal_gpio.o
                0x08003b28                HAL_GPIO_Init
 .text.HAL_GPIO_WritePin
                0x08003e7c        0x8 ./Drivers/STM32F4xx_HAL_Driver/Src/stm32f4xx_hal_gpio.o
                0x08003e7c                HAL_GPIO_WritePin
 .text.HAL_GPIO_EXTI_IRQHandler
                0x08003e84       0x18 ./Drivers/STM32F4xx_HAL_Driver/Src/stm32f4xx_hal_gpio.o
                0x08003e84                HAL_GPIO_EXTI_IRQHandler
 .text.HAL_RCC_GetSysClockFreq
                0x08003e9c       0x68 ./Drivers/STM32F4xx_HAL_Driver/Src/stm32f4xx_hal_rcc.o
                0x08003e9c                HAL_RCC_GetSysClockFreq
 .text.HAL_RCC_ClockConfig
                0x08003f04      0x13c ./Drivers/STM32F4xx_HAL_Driver/Src/stm32f4xx_hal_rcc.o
                0x08003f04                HAL_RCC_ClockConfig
 .text.HAL_RCC_GetPCLK1Freq
                0x08004040       0x20 ./Drivers/STM32F4xx_HAL_Driver/Src/stm32f4xx_hal_rcc.o
                0x08004040                HAL_RCC_GetPCLK1Freq
 .text.HAL_RCC_GetPCLK2Freq
                0x08004060       0x20 ./Drivers/STM32F4xx_HAL_Driver/Src/stm32f4xx_hal_rcc.o
                0x08004060                HAL_RCC_GetPCLK2Freq
 .text.HAL_RCC_OscConfig
                0x08004080      0x3d8 ./Drivers/STM32F4xx_HAL_Driver/Src/stm32f4xx_hal_rcc_ex.o
                0x08004080                HAL_RCC_OscConfig
 .text.SPI_WaitFlagStateUntilTimeout
                0x08004458       0xd8 ./Drivers/STM32F4xx_HAL_Driver/Src/stm32f4xx_hal_spi.o
 .text.SPI_EndRxTxTransaction
                0x08004530       0x88 ./Drivers/STM32F4xx_HAL_Driver/Src/stm32f4xx_hal_spi.o
 .text.HAL_SPI_Init
                0x080045b8       0xc4 ./Drivers/STM32F4xx_HAL_Driver/Src/stm32f4xx_hal_spi.o
                0x080045b8                HAL_SPI_Init
 .text.HAL_SPI_Transmit
                0x0800467c      0x208 ./Drivers/STM32F4xx_HAL_Driver/Src/stm32f4xx_hal_spi.o
                0x0800467c                HAL_SPI_Transmit
 .text.HAL_SPI_TransmitReceive
                0x08004884      0x2d4 ./Drivers/STM32F4xx_HAL_Driver/Src/stm32f4xx_hal_spi.o
                0x08004884                HAL_SPI_TransmitReceive
 .text.HAL_SPI_Receive
                0x08004b58      0x230 ./Drivers/STM32F4xx_HAL_Driver/Src/stm32f4xx_hal_spi.o
                0x08004b58                HAL_SPI_Receive
 .text.HAL_SPI_ErrorCallback
                0x08004d88        0x4 ./Drivers/STM32F4xx_HAL_Driver/Src/stm32f4xx_hal_spi.o
                0x08004d88                HAL_SPI_ErrorCallback
 .text.HAL_SPI_IRQHandler
                0x08004d8c      0x150 ./Drivers/STM32F4xx_HAL_Driver/Src/stm32f4xx_hal_spi.o
                0x08004d8c                HAL_SPI_IRQHandler
 .text.SPI_DMAAbortOnError
                0x08004edc       0x10 ./Drivers/STM32F4xx_HAL_Driver/Src/stm32f4xx_hal_spi.o
 .text.HAL_TIM_Base_Init
                0x08004eec      0x130 ./Drivers/STM32F4xx_HAL_Driver/Src/stm32f4xx_hal_tim.o
                0x08004eec                HAL_TIM_Base_Init
 .text.HAL_TIM_Base_Start_IT
                0x0800501c       0x74 ./Drivers/STM32F4xx_HAL_Driver/Src/stm32f4xx_hal_tim.o
                0x0800501c                HAL_TIM_Base_Start_IT
 .text.HAL_TIM_OC_DelayElapsedCallback
                0x08005090        0x4 ./Drivers/STM32F4xx_HAL_Driver/Src/stm32f4xx_hal_tim.o
                0x08005090                HAL_TIM_OC_DelayElapsedCallback
 .text.HAL_TIM_IC_CaptureCallback
                0x08005094        0x4 ./Drivers/STM32F4xx_HAL_Driver/Src/stm32f4xx_hal_tim.o
                0x08005094                HAL_TIM_IC_CaptureCallback
 .text.HAL_TIM_PWM_PulseFinishedCallback
                0x08005098        0x4 ./Drivers/STM32F4xx_HAL_Driver/Src/stm32f4xx_hal_tim.o
                0x08005098                HAL_TIM_PWM_PulseFinishedCallback
 .text.HAL_TIM_TriggerCallback
                0x0800509c        0x4 ./Drivers/STM32F4xx_HAL_Driver/Src/stm32f4xx_hal_tim.o
                0x0800509c                HAL_TIM_TriggerCallback
 .text.HAL_TIM_IRQHandler
                0x080050a0      0x138 ./Drivers/STM32F4xx_HAL_Driver/Src/stm32f4xx_hal_tim.o
                0x080050a0                HAL_TIM_IRQHandler
 .text.HAL_TIMEx_MasterConfigSynchronization
                0x080051d8       0x80 ./Drivers/STM32F4xx_HAL_Driver/Src/stm32f4xx_hal_tim_ex.o
                0x080051d8                HAL_TIMEx_MasterConfigSynchronization
 .text.HAL_TIMEx_CommutCallback
                0x08005258        0x4 ./Drivers/STM32F4xx_HAL_Driver/Src/stm32f4xx_hal_tim_ex.o
                0x08005258                HAL_TIMEx_CommutCallback
 .text.HAL_TIMEx_BreakCallback
                0x0800525c        0x4 ./Drivers/STM32F4xx_HAL_Driver/Src/stm32f4xx_hal_tim_ex.o
                0x0800525c                HAL_TIMEx_BreakCallback
 .text.HAL_UART_Init
                0x08005260      0x124 ./Drivers/STM32F4xx_HAL_Driver/Src/stm32f4xx_hal_uart.o
                0x08005260                HAL_UART_Init
 .text.HAL_UART_Transmit_DMA
                0x08005384       0x90 ./Drivers/STM32F4xx_HAL_Driver/Src/stm32f4xx_hal_uart.o
                0x08005384                HAL_UART_Transmit_DMA
 .text.UART_DMATransmitCplt
                0x08005414       0x4c ./Drivers/STM32F4xx_HAL_Driver/Src/stm32f4xx_hal_uart.o
 .text.HAL_UART_TxHalfCpltCallback
                0x08005460        0x4 ./Drivers/STM32F4xx_HAL_Driver/Src/stm32f4xx_hal_uart.o
                0x08005460                HAL_UART_TxHalfCpltCallback
 .text.UART_DMATxHalfCplt
                0x08005464        0xc ./Drivers/STM32F4xx_HAL_Driver/Src/stm32f4xx_hal_uart.o
 .text.HAL_UART_RxCpltCallback
                0x08005470        0x4 ./Drivers/STM32F4xx_HAL_Driver/Src/stm32f4xx_hal_uart.o
                0x08005470                HAL_UART_RxCpltCallback
 .text.HAL_UART_RxHalfCpltCallback
                0x08005474        0x4 ./Drivers/STM32F4xx_HAL_Driver/Src/stm32f4xx_hal_uart.o
                0x08005474                HAL_UART_RxHalfCpltCallback
 .text.HAL_UART_ErrorCallback
                0x08005478        0x4 ./Drivers/STM32F4xx_HAL_Driver/Src/stm32f4xx_hal_uart.o
                0x08005478                HAL_UART_ErrorCallback
 .text.UART_DMAError
                0x0800547c       0xbc ./Drivers/STM32F4xx_HAL_Driver/Src/stm32f4xx_hal_uart.o
 .text.UART_DMAAbortOnError
                0x08005538       0x10 ./Drivers/STM32F4xx_HAL_Driver/Src/stm32f4xx_hal_uart.o
 .text.UART_DMARxHalfCplt
                0x08005548       0x20 ./Drivers/STM32F4xx_HAL_Driver/Src/stm32f4xx_hal_uart.o
 .text.UART_DMAReceiveCplt
                0x08005568       0x98 ./Drivers/STM32F4xx_HAL_Driver/Src/stm32f4xx_hal_uart.o
 .text.UART_Receive_IT.part.0.isra.0
                0x08005600       0xc0 ./Drivers/STM32F4xx_HAL_Driver/Src/stm32f4xx_hal_uart.o
 .text.HAL_UART_IRQHandler
                0x080056c0      0x378 ./Drivers/STM32F4xx_HAL_Driver/Src/stm32f4xx_hal_uart.o
                0x080056c0                HAL_UART_IRQHandler
 .text.UART_Start_Receive_DMA
                0x08005a38       0xac ./Drivers/STM32F4xx_HAL_Driver/Src/stm32f4xx_hal_uart.o
                0x08005a38                UART_Start_Receive_DMA
 .text.HAL_UART_Receive_DMA
                0x08005ae4       0x24 ./Drivers/STM32F4xx_HAL_Driver/Src/stm32f4xx_hal_uart.o
                0x08005ae4                HAL_UART_Receive_DMA
 .text.HAL_UARTEx_ReceiveToIdle_DMA
                0x08005b08       0x5c ./Drivers/STM32F4xx_HAL_Driver/Src/stm32f4xx_hal_uart.o
                0x08005b08                HAL_UARTEx_ReceiveToIdle_DMA
 .text.atoi     0x08005b64        0x8 C:/ST/STM32CubeIDE_2.0.0/STM32CubeIDE/plugins/com.st.stm32cube.ide.mcu.externaltools.gnu-tools-for-stm32.13.3.rel1.win32_1.0.100.202509120712/tools/bin/../lib/gcc/arm-none-eabi/13.3.1/../../../../arm-none-eabi/lib/thumb/v7e-m+fp/hard\libc_nano.a(libc_a-atoi.o)
                0x08005b64                atoi
 .text._strtol_l.isra.0
                0x08005b6c       0xf4 C:/ST/STM32CubeIDE_2.0.0/STM32CubeIDE/plugins/com.st.stm32cube.ide.mcu.externaltools.gnu-tools-for-stm32.13.3.rel1.win32_1.0.100.202509120712/tools/bin/../lib/gcc/arm-none-eabi/13.3.1/../../../../arm-none-eabi/lib/thumb/v7e-m+fp/hard\libc_nano.a(libc_a-strtol.o)
 .text.strtol   0x08005c60       0x14 C:/ST/STM32CubeIDE_2.0.0/STM32CubeIDE/plugins/com.st.stm32cube.ide.mcu.externaltools.gnu-tools-for-stm32.13.3.rel1.win32_1.0.100.202509120712/tools/bin/../lib/gcc/arm-none-eabi/13.3.1/../../../../arm-none-eabi/lib/thumb/v7e-m+fp/hard\libc_nano.a(libc_a-strtol.o)
                0x08005c60                strtol
 .text.__errno  0x08005c74        0xc C:/ST/STM32CubeIDE_2.0.0/STM32CubeIDE/plugins/com.st.stm32cube.ide.mcu.externaltools.gnu-tools-for-stm32.13.3.rel1.win32_1.0.100.202509120712/tools/bin/../lib/gcc/arm-none-eabi/13.3.1/../../../../arm-none-eabi/lib/thumb/v7e-m+fp/hard\libc_nano.a(libc_a-errno.o)
                0x08005c74                __errno
 .text.__libc_init_array
                0x08005c80       0x48 C:/ST/STM32CubeIDE_2.0.0/STM32CubeIDE/plugins/com.st.stm32cube.ide.mcu.externaltools.gnu-tools-for-stm32.13.3.rel1.win32_1.0.100.202509120712/tools/bin/../lib/gcc/arm-none-eabi/13.3.1/../../../../arm-none-eabi/lib/thumb/v7e-m+fp/hard\libc_nano.a(libc_a-init.o)
                0x08005c80                __libc_init_array
 *(.glue_7)
 .glue_7        0x08005cc8        0x0 linker stubs
 *(.glue_7t)
 .glue_7t       0x08005cc8        0x0 linker stubs
 *(.eh_frame)
 .eh_frame      0x08005cc8        0x0 C:/ST/STM32CubeIDE_2.0.0/STM32CubeIDE/plugins/com.st.stm32cube.ide.mcu.externaltools.gnu-tools-for-stm32.13.3.rel1.win32_1.0.100.202509120712/tools/bin/../lib/gcc/arm-none-eabi/13.3.1/thumb/v7e-m+fp/hard/crtbegin.o
 *(.init)
 .init          0x08005cc8        0x4 C:/ST/STM32CubeIDE_2.0.0/STM32CubeIDE/plugins/com.st.stm32cube.ide.mcu.externaltools.gnu-tools-for-stm32.13.3.rel1.win32_1.0.100.202509120712/tools/bin/../lib/gcc/arm-none-eabi/13.3.1/thumb/v7e-m+fp/hard/crti.o
                0x08005cc8                _init
 .init          0x08005ccc        0x8 C:/ST/STM32CubeIDE_2.0.0/STM32CubeIDE/plugins/com.st.stm32cube.ide.mcu.externaltools.gnu-tools-for-stm32.13.3.rel1.win32_1.0.100.202509120712/tools/bin/../lib/gcc/arm-none-eabi/13.3.1/thumb/v7e-m+fp/hard/crtn.o
 *(.fini)
 .fini          0x08005cd4        0x4 C:/ST/STM32CubeIDE_2.0.0/STM32CubeIDE/plugins/com.st.stm32cube.ide.mcu.externaltools.gnu-tools-for-stm32.13.3.rel1.win32_1.0.100.202509120712/tools/bin/../lib/gcc/arm-none-eabi/13.3.1/thumb/v7e-m+fp/hard/crti.o
                0x08005cd4                _fini
 .fini          0x08005cd8        0x8 C:/ST/STM32CubeIDE_2.0.0/STM32CubeIDE/plugins/com.st.stm32cube.ide.mcu.externaltools.gnu-tools-for-stm32.13.3.rel1.win32_1.0.100.202509120712/tools/bin/../lib/gcc/arm-none-eabi/13.3.1/thumb/v7e-m+fp/hard/crtn.o
                0x08005ce0                        . = ALIGN (0x4)
                0x08005ce0                        _etext = .

.vfp11_veneer   0x08005ce0        0x0
 .vfp11_veneer  0x08005ce0        0x0 linker stubs

.v4_bx          0x08005ce0        0x0
 .v4_bx         0x08005ce0        0x0 linker stubs

.iplt           0x08005ce0        0x0
 .iplt          0x08005ce0        0x0 C:/ST/STM32CubeIDE_2.0.0/STM32CubeIDE/plugins/com.st.stm32cube.ide.mcu.externaltools.gnu-tools-for-stm32.13.3.rel1.win32_1.0.100.202509120712/tools/bin/../lib/gcc/arm-none-eabi/13.3.1/thumb/v7e-m+fp/hard/crtbegin.o

.rodata         0x08005ce0      0x268
                0x08005ce0                        . = ALIGN (0x4)
 *(.rodata)
 *(.rodata*)
 .rodata.cycle.str1.4
                0x08005ce0      0x10f ./Core/Src/cycle.o
                                 0xcd (size before relaxing)
 *fill*         0x08005def        0x1 
 .rodata.NRF_ADDR_LIST
                0x08005df0        0xf ./Core/Src/cycle.o
 .rodata.SendTemperatureNextion.str1.4
                0x08005dff        0x0 ./Core/Src/nextion_com.o
                                 0x27 (size before relaxing)
 .rodata.str1.4
                0x08005dff        0x0 ./Core/Src/nextion_com.o
                                 0x17 (size before relaxing)
 *fill*         0x08005dff        0x1 
 .rodata.names.0
                0x08005e00       0x1c ./Core/Src/nextion_com.o
 .rodata.NRF_ADDR
                0x08005e1c        0x5 ./Core/Src/nrf24l01p.o
 *fill*         0x08005e21        0x3 
 .rodata.APBPrescTable
                0x08005e24        0x8 ./Core/Src/system_stm32f4xx.o
                0x08005e24                APBPrescTable
 .rodata.AHBPrescTable
                0x08005e2c       0x10 ./Core/Src/system_stm32f4xx.o
                0x08005e2c                AHBPrescTable
 .rodata.flagBitshiftOffset.0
                0x08005e3c        0x8 ./Drivers/STM32F4xx_HAL_Driver/Src/stm32f4xx_hal_dma.o
 .rodata._ctype_
                0x08005e44      0x101 C:/ST/STM32CubeIDE_2.0.0/STM32CubeIDE/plugins/com.st.stm32cube.ide.mcu.externaltools.gnu-tools-for-stm32.13.3.rel1.win32_1.0.100.202509120712/tools/bin/../lib/gcc/arm-none-eabi/13.3.1/../../../../arm-none-eabi/lib/thumb/v7e-m+fp/hard\libc_nano.a(libc_a-ctype_.o)
                0x08005e44                _ctype_
                0x08005f48                        . = ALIGN (0x4)
 *fill*         0x08005f45        0x3 

.ARM.extab      0x08005f48        0x0
                0x08005f48                        . = ALIGN (0x4)
 *(.ARM.extab* .gnu.linkonce.armextab.*)
                0x08005f48                        . = ALIGN (0x4)

.ARM            0x08005f48        0x8
                0x08005f48                        . = ALIGN (0x4)
                0x08005f48                        __exidx_start = .
 *(.ARM.exidx*)
 .ARM.exidx     0x08005f48        0x8 C:/ST/STM32CubeIDE_2.0.0/STM32CubeIDE/plugins/com.st.stm32cube.ide.mcu.externaltools.gnu-tools-for-stm32.13.3.rel1.win32_1.0.100.202509120712/tools/bin/../lib/gcc/arm-none-eabi/13.3.1/../../../../arm-none-eabi/lib/thumb/v7e-m+fp/hard\libc_nano.a(libc_a-strcmp.o)
 .ARM.exidx     0x08005f50        0x0 C:/ST/STM32CubeIDE_2.0.0/STM32CubeIDE/plugins/com.st.stm32cube.ide.mcu.externaltools.gnu-tools-for-stm32.13.3.rel1.win32_1.0.100.202509120712/tools/bin/../lib/gcc/arm-none-eabi/13.3.1/thumb/v7e-m+fp/hard\libgcc.a(_udivmoddi4.o)
                                  0x8 (size before relaxing)
                0x08005f50                        __exidx_end = .
                0x08005f50                        . = ALIGN (0x4)

.preinit_array  0x08005f50        0x0
                0x08005f50                        . = ALIGN (0x4)
                0x08005f50                        PROVIDE (__preinit_array_start = .)
 *(.preinit_array*)
                0x08005f50                        PROVIDE (__preinit_array_end = .)
                0x08005f50                        . = ALIGN (0x4)

.init_array     0x08005f50        0x4
                0x08005f50                        . = ALIGN (0x4)
                0x08005f50                        PROVIDE (__init_array_start = .)
 *(SORT_BY_NAME(.init_array.*))
 *(.init_array*)
 .init_array    0x08005f50        0x4 C:/ST/STM32CubeIDE_2.0.0/STM32CubeIDE/plugins/com.st.stm32cube.ide.mcu.externaltools.gnu-tools-for-stm32.13.3.rel1.win32_1.0.100.202509120712/tools/bin/../lib/gcc/arm-none-eabi/13.3.1/thumb/v7e-m+fp/hard/crtbegin.o
                0x08005f54                        PROVIDE (__init_array_end = .)
                0x08005f54                        . = ALIGN (0x4)

.fini_array     0x08005f54        0x4
                0x08005f54                        . = ALIGN (0x4)
                [!provide]                        PROVIDE (__fini_array_start = .)
 *(SORT_BY_NAME(.fini_array.*))
 *(.fini_array*)
 .fini_array    0x08005f54        0x4 C:/ST/STM32CubeIDE_2.0.0/STM32CubeIDE/plugins/com.st.stm32cube.ide.mcu.externaltools.gnu-tools-for-stm32.13.3.rel1.win32_1.0.100.202509120712/tools/bin/../lib/gcc/arm-none-eabi/13.3.1/thumb/v7e-m+fp/hard/crtbegin.o
                [!provide]                        PROVIDE (__fini_array_end = .)
                0x08005f58                        . = ALIGN (0x4)
                0x08005f58                        _sidata = LOADADDR (.data)

.rel.dyn        0x08005f58        0x0
 .rel.iplt      0x08005f58        0x0 C:/ST/STM32CubeIDE_2.0.0/STM32CubeIDE/plugins/com.st.stm32cube.ide.mcu.externaltools.gnu-tools-for-stm32.13.3.rel1.win32_1.0.100.202509120712/tools/bin/../lib/gcc/arm-none-eabi/13.3.1/thumb/v7e-m+fp/hard/crtbegin.o

.data           0x20000000      0x48c load address 0x08005f58
                0x20000000                        . = ALIGN (0x4)
                0x20000000                        _sdata = .
 *(.data)
 *(.data*)
 .data.allow.0  0x20000000        0x4 ./Core/Src/heat.o
 .data.circulation_off_time
                0x20000004        0x4 ./Core/Src/heat.o
                0x20000004                circulation_off_time
 .data.circulation_on_time
                0x20000008        0x4 ./Core/Src/heat.o
                0x20000008                circulation_on_time
 .data.hyst_cwu
                0x2000000c        0x4 ./Core/Src/heat.o
                0x2000000c                hyst_cwu
 .data.set_cwu  0x20000010        0x4 ./Core/Src/heat.o
                0x20000010                set_cwu
 .data.hyst_co3
                0x20000014        0x4 ./Core/Src/heat.o
                0x20000014                hyst_co3
 .data.set_co3  0x20000018        0x4 ./Core/Src/heat.o
                0x20000018                set_co3
 .data.hyst_co2
                0x2000001c        0x4 ./Core/Src/heat.o
                0x2000001c                hyst_co2
 .data.set_co2  0x20000020        0x4 ./Core/Src/heat.o
                0x20000020                set_co2
 .data.hyst_co1
                0x20000024        0x4 ./Core/Src/heat.o
                0x20000024                hyst_co1
 .data.set_co1  0x20000028        0x4 ./Core/Src/heat.o
                0x20000028                set_co1
 .data.SystemCoreClock
                0x2000002c        0x4 ./Core/Src/system_stm32f4xx.o
                0x2000002c                SystemCoreClock
 .data.NTC_table
                0x20000030      0x404 ./Core/Src/thermistor.o
                0x20000030                NTC_table
 .data.uwTickFreq
                0x20000434        0x1 ./Drivers/STM32F4xx_HAL_Driver/Src/stm32f4xx_hal.o
                0x20000434                uwTickFreq
 *fill*         0x20000435        0x3 
 .data.uwTickPrio
                0x20000438        0x4 ./Drivers/STM32F4xx_HAL_Driver/Src/stm32f4xx_hal.o
                0x20000438                uwTickPrio
 .data._impure_ptr
                0x2000043c        0x4 C:/ST/STM32CubeIDE_2.0.0/STM32CubeIDE/plugins/com.st.stm32cube.ide.mcu.externaltools.gnu-tools-for-stm32.13.3.rel1.win32_1.0.100.202509120712/tools/bin/../lib/gcc/arm-none-eabi/13.3.1/../../../../arm-none-eabi/lib/thumb/v7e-m+fp/hard\libc_nano.a(libc_a-impure.o)
                0x2000043c                _impure_ptr
 .data._impure_data
                0x20000440       0x4c C:/ST/STM32CubeIDE_2.0.0/STM32CubeIDE/plugins/com.st.stm32cube.ide.mcu.externaltools.gnu-tools-for-stm32.13.3.rel1.win32_1.0.100.202509120712/tools/bin/../lib/gcc/arm-none-eabi/13.3.1/../../../../arm-none-eabi/lib/thumb/v7e-m+fp/hard\libc_nano.a(libc_a-impure.o)
                0x20000440                _impure_data
 *(.RamFunc)
 *(.RamFunc*)
                0x2000048c                        . = ALIGN (0x4)
                0x2000048c                        _edata = .

.igot.plt       0x2000048c        0x0 load address 0x080063e4
 .igot.plt      0x2000048c        0x0 C:/ST/STM32CubeIDE_2.0.0/STM32CubeIDE/plugins/com.st.stm32cube.ide.mcu.externaltools.gnu-tools-for-stm32.13.3.rel1.win32_1.0.100.202509120712/tools/bin/../lib/gcc/arm-none-eabi/13.3.1/thumb/v7e-m+fp/hard/crtbegin.o
                0x2000048c                        . = ALIGN (0x4)

.bss            0x20000490      0xd4c load address 0x080063e4
                0x20000490                        _sbss = .
                0x20000490                        __bss_start__ = _sbss
 *(.bss)
 .bss           0x20000490       0x1c C:/ST/STM32CubeIDE_2.0.0/STM32CubeIDE/plugins/com.st.stm32cube.ide.mcu.externaltools.gnu-tools-for-stm32.13.3.rel1.win32_1.0.100.202509120712/tools/bin/../lib/gcc/arm-none-eabi/13.3.1/thumb/v7e-m+fp/hard/crtbegin.o
 *(.bss*)
 .bss.hdma_adc1
                0x200004ac       0x60 ./Core/Src/adc.o
                0x200004ac                hdma_adc1
 *fill*         0x2000050c        0x4 
 .bss.hadc1     0x20000510       0x48 ./Core/Src/adc.o
                0x20000510                hadc1
 .bss.cmd.0     0x20000558       0x20 ./Core/Src/cycle.o
 .bss.nrf_ts    0x20000578        0x4 ./Core/Src/cycle.o
 .bss.nrf_state
                0x2000057c        0x1 ./Core/Src/cycle.o
 *fill*         0x2000057d        0x3 
 .bss.last_sec  0x20000580        0x4 ./Core/Src/cycle.o
 .bss.adc_fill  0x20000584        0x4 ./Core/Src/cycle.o
 .bss.adc_idx   0x20000588        0x4 ./Core/Src/cycle.o
 .bss.adc_sum   0x2000058c       0x10 ./Core/Src/cycle.o
 .bss.adc_buf   0x2000059c      0x190 ./Core/Src/cycle.o
 .bss.rx_thermostat
                0x2000072c        0x1 ./Core/Src/cycle.o
 .bss.current_thermostat
                0x2000072d        0x1 ./Core/Src/cycle.o
 *fill*         0x2000072e        0x2 
 .bss.rx_data   0x20000730        0x8 ./Core/Src/cycle.o
                0x20000730                rx_data
 .bss.tx_data   0x20000738        0x8 ./Core/Src/cycle.o
                0x20000738                tx_data
 .bss.t_set3    0x20000740        0x1 ./Core/Src/cycle.o
                0x20000740                t_set3
 .bss.t_set2    0x20000741        0x1 ./Core/Src/cycle.o
                0x20000741                t_set2
 .bss.t_set1    0x20000742        0x1 ./Core/Src/cycle.o
                0x20000742                t_set1
 .bss.t_room3   0x20000743        0x1 ./Core/Src/cycle.o
                0x20000743                t_room3
 .bss.t_room2   0x20000744        0x1 ./Core/Src/cycle.o
                0x20000744                t_room2
 .bss.t_room1   0x20000745        0x1 ./Core/Src/cycle.o
                0x20000745                t_room1
 *fill*         0x20000746        0x2 
 .bss.temperature
                0x20000748       0x10 ./Core/Src/cycle.o
                0x20000748                temperature
 .bss.boiler_cooldown_timer
                0x20000758        0x4 ./Core/Src/cycle.o
                0x20000758                boiler_cooldown_timer
 .bss.boiler_cooldown_active
                0x2000075c        0x1 ./Core/Src/cycle.o
                0x2000075c                boiler_cooldown_active
 .bss.enable_circulation
                0x2000075d        0x1 ./Core/Src/cycle.o
                0x2000075d                enable_circulation
 .bss.enable_room_thermostat_z3
                0x2000075e        0x1 ./Core/Src/cycle.o
                0x2000075e                enable_room_thermostat_z3
 .bss.enable_room_thermostat_z2
                0x2000075f        0x1 ./Core/Src/cycle.o
                0x2000075f                enable_room_thermostat_z2
 .bss.enable_room_thermostat_z1
                0x20000760        0x1 ./Core/Src/cycle.o
                0x20000760                enable_room_thermostat_z1
 .bss.enable_cwu
                0x20000761        0x1 ./Core/Src/cycle.o
                0x20000761                enable_cwu
 .bss.enable_zone3
                0x20000762        0x1 ./Core/Src/cycle.o
                0x20000762                enable_zone3
 .bss.enable_zone2
                0x20000763        0x1 ./Core/Src/cycle.o
                0x20000763                enable_zone2
 .bss.enable_zone1
                0x20000764        0x1 ./Core/Src/cycle.o
                0x20000764                enable_zone1
 *fill*         0x20000765        0x3 
 .bss.cycles_per_us
                0x20000768        0x4 ./Core/Src/delay_us.o
 .bss.circulation_prev_enable
                0x2000076c        0x1 ./Core/Src/heat.o
 .bss.circulation_temp_ok
                0x2000076d        0x1 ./Core/Src/heat.o
 *fill*         0x2000076e        0x2 
 .bss.circulation_timer
                0x20000770        0x4 ./Core/Src/heat.o
 .bss.circulation_state
                0x20000774        0x1 ./Core/Src/heat.o
 *fill*         0x20000775        0x3 
 .bss.zone_cooldown_timer
                0x20000778       0x10 ./Core/Src/heat.o
                0x20000778                zone_cooldown_timer
 .bss.zone_cooldown_active
                0x20000788        0x4 ./Core/Src/heat.o
                0x20000788                zone_cooldown_active
 .bss.prev_boiler_mode
                0x2000078c        0x1 ./Core/Src/heat.o
 .bss.boiler_mode
                0x2000078d        0x1 ./Core/Src/heat.o
 .bss.boiler_on
                0x2000078e        0x1 ./Core/Src/heat.o
 .bss.heating_cwu
                0x2000078f        0x1 ./Core/Src/heat.o
 .bss.adc       0x20000790       0x20 ./Core/Src/init.o
                0x20000790                adc
 .bss.rx_buf    0x200007b0       0x80 ./Core/Src/irq.o
                0x200007b0                rx_buf
 .bss.rf_flag   0x20000830        0x1 ./Core/Src/irq.o
                0x20000830                rf_flag
 .bss.nrf_rx_flag
                0x20000831        0x1 ./Core/Src/irq.o
                0x20000831                nrf_rx_flag
 .bss.uart_tx_flag
                0x20000832        0x1 ./Core/Src/irq.o
                0x20000832                uart_tx_flag
 *fill*         0x20000833        0x1 
 .bss.sys_ms    0x20000834        0x4 ./Core/Src/irq.o
                0x20000834                sys_ms
 .bss.circulation_tick_10s
                0x20000838        0x1 ./Core/Src/irq.o
                0x20000838                circulation_tick_10s
 .bss.current_index.1
                0x20000839        0x1 ./Core/Src/nextion_com.o
 *fill*         0x2000083a        0x2 
 .bss.dma_buf   0x2000083c      0x1c0 ./Core/Src/nextion_com.o
 *fill*         0x200009fc        0x4 
 .bss.hspi2     0x20000a00       0x58 ./Core/Src/spi.o
                0x20000a00                hspi2
 .bss.htim14    0x20000a58       0x48 ./Core/Src/tim.o
                0x20000a58                htim14
 .bss.htim13    0x20000aa0       0x48 ./Core/Src/tim.o
                0x20000aa0                htim13
 .bss.htim11    0x20000ae8       0x48 ./Core/Src/tim.o
                0x20000ae8                htim11
 .bss.htim10    0x20000b30       0x48 ./Core/Src/tim.o
                0x20000b30                htim10
 .bss.htim7     0x20000b78       0x48 ./Core/Src/tim.o
                0x20000b78                htim7
 .bss.htim6     0x20000bc0       0x48 ./Core/Src/tim.o
                0x20000bc0                htim6
 .bss.cmd_tail  0x20000c08        0x2 ./Core/Src/uart_cmd.o
 .bss.cmd_head  0x20000c0a        0x2 ./Core/Src/uart_cmd.o
 .bss.cmd_buf   0x20000c0c       0x80 ./Core/Src/uart_cmd.o
 .bss.rx_tail   0x20000c8c        0x2 ./Core/Src/uart_dma.o
 .bss.rx_head   0x20000c8e        0x2 ./Core/Src/uart_dma.o
 .bss.rx_buf    0x20000c90      0x100 ./Core/Src/uart_dma.o
 .bss.tx_dma_busy
                0x20000d90        0x1 ./Core/Src/uart_dma.o
 *fill*         0x20000d91        0x1 
 .bss.tx_tail   0x20000d92        0x2 ./Core/Src/uart_dma.o
 .bss.tx_head   0x20000d94        0x2 ./Core/Src/uart_dma.o
 *fill*         0x20000d96        0x2 
 .bss.tx_buf    0x20000d98      0x200 ./Core/Src/uart_dma.o
 .bss.hdma_usart1_tx
                0x20000f98       0x60 ./Core/Src/usart.o
                0x20000f98                hdma_usart1_tx
 .bss.hdma_usart1_rx
                0x20000ff8       0x60 ./Core/Src/usart.o
                0x20000ff8                hdma_usart1_rx
 .bss.huart1    0x20001058       0x48 ./Core/Src/usart.o
                0x20001058                huart1
 .bss.uwTick    0x200010a0        0x4 ./Drivers/STM32F4xx_HAL_Driver/Src/stm32f4xx_hal.o
                0x200010a0                uwTick
 .bss.__sf      0x200010a4      0x138 C:/ST/STM32CubeIDE_2.0.0/STM32CubeIDE/plugins/com.st.stm32cube.ide.mcu.externaltools.gnu-tools-for-stm32.13.3.rel1.win32_1.0.100.202509120712/tools/bin/../lib/gcc/arm-none-eabi/13.3.1/../../../../arm-none-eabi/lib/thumb/v7e-m+fp/hard\libc_nano.a(libc_a-findfp.o)
                0x200010a4                __sf
 *(COMMON)
                0x200011dc                        . = ALIGN (0x4)
                0x200011dc                        _ebss = .
                0x200011dc                        __bss_end__ = _ebss

._user_heap_stack
                0x200011dc      0x604 load address 0x080063e4
                0x200011e0                        . = ALIGN (0x8)
 *fill*         0x200011dc        0x4 
                [!provide]                        PROVIDE (end = .)
                0x200011e0                        PROVIDE (_end = .)
                0x200013e0                        . = (. + _Min_Heap_Size)
 *fill*         0x200011e0      0x200 
                0x200017e0                        . = (. + _Min_Stack_Size)
 *fill*         0x200013e0      0x400 
                0x200017e0                        . = ALIGN (0x8)

/DISCARD/
 libc.a(*)
 libm.a(*)
 libgcc.a(*)

.ARM.attributes
                0x00000000       0x30
 *(.ARM.attributes)
 .ARM.attributes
                0x00000000       0x22 C:/ST/STM32CubeIDE_2.0.0/STM32CubeIDE/plugins/com.st.stm32cube.ide.mcu.externaltools.gnu-tools-for-stm32.13.3.rel1.win32_1.0.100.202509120712/tools/bin/../lib/gcc/arm-none-eabi/13.3.1/thumb/v7e-m+fp/hard/crti.o
 .ARM.attributes
                0x00000022       0x34 C:/ST/STM32CubeIDE_2.0.0/STM32CubeIDE/plugins/com.st.stm32cube.ide.mcu.externaltools.gnu-tools-for-stm32.13.3.rel1.win32_1.0.100.202509120712/tools/bin/../lib/gcc/arm-none-eabi/13.3.1/thumb/v7e-m+fp/hard/crtbegin.o
 .ARM.attributes
                0x00000056       0x30 ./Core/Src/adc.o
 .ARM.attributes
                0x00000086       0x30 ./Core/Src/cycle.o
 .ARM.attributes
                0x000000b6       0x30 ./Core/Src/delay_us.o
 .ARM.attributes
                0x000000e6       0x30 ./Core/Src/dma.o
 .ARM.attributes
                0x00000116       0x30 ./Core/Src/gpio.o
 .ARM.attributes
                0x00000146       0x30 ./Core/Src/heat.o
 .ARM.attributes
                0x00000176       0x30 ./Core/Src/init.o
 .ARM.attributes
                0x000001a6       0x30 ./Core/Src/irq.o
 .ARM.attributes
                0x000001d6       0x30 ./Core/Src/main.o
 .ARM.attributes
                0x00000206       0x30 ./Core/Src/nextion_com.o
 .ARM.attributes
                0x00000236       0x30 ./Core/Src/nrf24l01p.o
 .ARM.attributes
                0x00000266       0x30 ./Core/Src/relay.o
 .ARM.attributes
                0x00000296       0x30 ./Core/Src/spi.o
 .ARM.attributes
                0x000002c6       0x30 ./Core/Src/stm32f4xx_hal_msp.o
 .ARM.attributes
                0x000002f6       0x30 ./Core/Src/stm32f4xx_it.o
 .ARM.attributes
                0x00000326       0x30 ./Core/Src/system_stm32f4xx.o
 .ARM.attributes
                0x00000356       0x30 ./Core/Src/thermistor.o
 .ARM.attributes
                0x00000386       0x30 ./Core/Src/tim.o
 .ARM.attributes
                0x000003b6       0x30 ./Core/Src/uart_cmd.o
 .ARM.attributes
                0x000003e6       0x30 ./Core/Src/uart_dma.o
 .ARM.attributes
                0x00000416       0x30 ./Core/Src/usart.o
 .ARM.attributes
                0x00000446       0x21 ./Core/Startup/startup_stm32f412rgtx.o
 .ARM.attributes
                0x00000467       0x30 ./Drivers/STM32F4xx_HAL_Driver/Src/stm32f4xx_hal.o
 .ARM.attributes
                0x00000497       0x30 ./Drivers/STM32F4xx_HAL_Driver/Src/stm32f4xx_hal_adc.o
 .ARM.attributes
                0x000004c7       0x30 ./Drivers/STM32F4xx_HAL_Driver/Src/stm32f4xx_hal_adc_ex.o
 .ARM.attributes
                0x000004f7       0x30 ./Drivers/STM32F4xx_HAL_Driver/Src/stm32f4xx_hal_cortex.o
 .ARM.attributes
                0x00000527       0x30 ./Drivers/STM32F4xx_HAL_Driver/Src/stm32f4xx_hal_dma.o
 .ARM.attributes
                0x00000557       0x30 ./Drivers/STM32F4xx_HAL_Driver/Src/stm32f4xx_hal_gpio.o
 .ARM.attributes
                0x00000587       0x30 ./Drivers/STM32F4xx_HAL_Driver/Src/stm32f4xx_hal_rcc.o
 .ARM.attributes
                0x000005b7       0x30 ./Drivers/STM32F4xx_HAL_Driver/Src/stm32f4xx_hal_rcc_ex.o
 .ARM.attributes
                0x000005e7       0x30 ./Drivers/STM32F4xx_HAL_Driver/Src/stm32f4xx_hal_spi.o
 .ARM.attributes
                0x00000617       0x30 ./Drivers/STM32F4xx_HAL_Driver/Src/stm32f4xx_hal_tim.o
 .ARM.attributes
                0x00000647       0x30 ./Drivers/STM32F4xx_HAL_Driver/Src/stm32f4xx_hal_tim_ex.o
 .ARM.attributes
                0x00000677       0x30 ./Drivers/STM32F4xx_HAL_Driver/Src/stm32f4xx_hal_uart.o
 .ARM.attributes
                0x000006a7       0x34 C:/ST/STM32CubeIDE_2.0.0/STM32CubeIDE/plugins/com.st.stm32cube.ide.mcu.externaltools.gnu-tools-for-stm32.13.3.rel1.win32_1.0.100.202509120712/tools/bin/../lib/gcc/arm-none-eabi/13.3.1/../../../../arm-none-eabi/lib/thumb/v7e-m+fp/hard\libc_nano.a(libc_a-atoi.o)
 .ARM.attributes
                0x000006db       0x34 C:/ST/STM32CubeIDE_2.0.0/STM32CubeIDE/plugins/com.st.stm32cube.ide.mcu.externaltools.gnu-tools-for-stm32.13.3.rel1.win32_1.0.100.202509120712/tools/bin/../lib/gcc/arm-none-eabi/13.3.1/../../../../arm-none-eabi/lib/thumb/v7e-m+fp/hard\libc_nano.a(libc_a-strtol.o)
 .ARM.attributes
                0x0000070f       0x34 C:/ST/STM32CubeIDE_2.0.0/STM32CubeIDE/plugins/com.st.stm32cube.ide.mcu.externaltools.gnu-tools-for-stm32.13.3.rel1.win32_1.0.100.202509120712/tools/bin/../lib/gcc/arm-none-eabi/13.3.1/../../../../arm-none-eabi/lib/thumb/v7e-m+fp/hard\libc_nano.a(libc_a-ctype_.o)
 .ARM.attributes
                0x00000743       0x34 C:/ST/STM32CubeIDE_2.0.0/STM32CubeIDE/plugins/com.st.stm32cube.ide.mcu.externaltools.gnu-tools-for-stm32.13.3.rel1.win32_1.0.100.202509120712/tools/bin/../lib/gcc/arm-none-eabi/13.3.1/../../../../arm-none-eabi/lib/thumb/v7e-m+fp/hard\libc_nano.a(libc_a-findfp.o)
 .ARM.attributes
                0x00000777       0x34 C:/ST/STM32CubeIDE_2.0.0/STM32CubeIDE/plugins/com.st.stm32cube.ide.mcu.externaltools.gnu-tools-for-stm32.13.3.rel1.win32_1.0.100.202509120712/tools/bin/../lib/gcc/arm-none-eabi/13.3.1/../../../../arm-none-eabi/lib/thumb/v7e-m+fp/hard\libc_nano.a(libc_a-impure.o)
 .ARM.attributes
                0x000007ab       0x34 C:/ST/STM32CubeIDE_2.0.0/STM32CubeIDE/plugins/com.st.stm32cube.ide.mcu.externaltools.gnu-tools-for-stm32.13.3.rel1.win32_1.0.100.202509120712/tools/bin/../lib/gcc/arm-none-eabi/13.3.1/../../../../arm-none-eabi/lib/thumb/v7e-m+fp/hard\libc_nano.a(libc_a-errno.o)
 .ARM.attributes
                0x000007df       0x34 C:/ST/STM32CubeIDE_2.0.0/STM32CubeIDE/plugins/com.st.stm32cube.ide.mcu.externaltools.gnu-tools-for-stm32.13.3.rel1.win32_1.0.100.202509120712/tools/bin/../lib/gcc/arm-none-eabi/13.3.1/../../../../arm-none-eabi/lib/thumb/v7e-m+fp/hard\libc_nano.a(libc_a-init.o)
 .ARM.attributes
                0x00000813       0x20 C:/ST/STM32CubeIDE_2.0.0/STM32CubeIDE/plugins/com.st.stm32cube.ide.mcu.externaltools.gnu-tools-for-stm32.13.3.rel1.win32_1.0.100.202509120712/tools/bin/../lib/gcc/arm-none-eabi/13.3.1/../../../../arm-none-eabi/lib/thumb/v7e-m+fp/hard\libc_nano.a(libc_a-strcmp.o)
 .ARM.attributes
                0x00000833       0x22 C:/ST/STM32CubeIDE_2.0.0/STM32CubeIDE/plugins/com.st.stm32cube.ide.mcu.externaltools.gnu-tools-for-stm32.13.3.rel1.win32_1.0.100.202509120712/tools/bin/../lib/gcc/arm-none-eabi/13.3.1/thumb/v7e-m+fp/hard\libgcc.a(_aeabi_uldivmod.o)
 .ARM.attributes
                0x00000855       0x34 C:/ST/STM32CubeIDE_2.0.0/STM32CubeIDE/plugins/com.st.stm32cube.ide.mcu.externaltools.gnu-tools-for-stm32.13.3.rel1.win32_1.0.100.202509120712/tools/bin/../lib/gcc/arm-none-eabi/13.3.1/thumb/v7e-m+fp/hard\libgcc.a(_udivmoddi4.o)
 .ARM.attributes
                0x00000889       0x22 C:/ST/STM32CubeIDE_2.0.0/STM32CubeIDE/plugins/com.st.stm32cube.ide.mcu.externaltools.gnu-tools-for-stm32.13.3.rel1.win32_1.0.100.202509120712/tools/bin/../lib/gcc/arm-none-eabi/13.3.1/thumb/v7e-m+fp/hard\libgcc.a(_dvmd_tls.o)
 .ARM.attributes
                0x000008ab       0x22 C:/ST/STM32CubeIDE_2.0.0/STM32CubeIDE/plugins/com.st.stm32cube.ide.mcu.externaltools.gnu-tools-for-stm32.13.3.rel1.win32_1.0.100.202509120712/tools/bin/../lib/gcc/arm-none-eabi/13.3.1/thumb/v7e-m+fp/hard/crtn.o
OUTPUT(sterownik_plyta_glowna.elf elf32-littlearm)
LOAD linker stubs
LOAD C:/ST/STM32CubeIDE_2.0.0/STM32CubeIDE/plugins/com.st.stm32cube.ide.mcu.externaltools.gnu-tools-for-stm32.13.3.rel1.win32_1.0.100.202509120712/tools/bin/../lib/gcc/arm-none-eabi/13.3.1/../../../../arm-none-eabi/lib/thumb/v7e-m+fp/hard\libc.a
LOAD C:/ST/STM32CubeIDE_2.0.0/STM32CubeIDE/plugins/com.st.stm32cube.ide.mcu.externaltools.gnu-tools-for-stm32.13.3.rel1.win32_1.0.100.202509120712/tools/bin/../lib/gcc/arm-none-eabi/13.3.1/../../../../arm-none-eabi/lib/thumb/v7e-m+fp/hard\libm.a
LOAD C:/ST/STM32CubeIDE_2.0.0/STM32CubeIDE/plugins/com.st.stm32cube.ide.mcu.externaltools.gnu-tools-for-stm32.13.3.rel1.win32_1.0.100.202509120712/tools/bin/../lib/gcc/arm-none-eabi/13.3.1/thumb/v7e-m+fp/hard\libgcc.a

.debug_info     0x00000000    0x21cae
 .debug_info    0x00000000      0xf11 ./Core/Src/adc.o
 .debug_info    0x00000f11      0x876 ./Core/Src/cycle.o
 .debug_info    0x00001787      0x294 ./Core/Src/delay_us.o
 .debug_info    0x00001a1b      0x563 ./Core/Src/dma.o
 .debug_info    0x00001f7e      0x794 ./Core/Src/gpio.o
 .debug_info    0x00002712      0x63c ./Core/Src/heat.o
 .debug_info    0x00002d4e      0xd6b ./Core/Src/init.o
 .debug_info    0x00003ab9      0xa91 ./Core/Src/irq.o
 .debug_info    0x0000454a      0x656 ./Core/Src/main.o
 .debug_info    0x00004ba0      0x33e ./Core/Src/nextion_com.o
 .debug_info    0x00004ede     0x4b8f ./Core/Src/nrf24l01p.o
 .debug_info    0x00009a6d      0x2f0 ./Core/Src/relay.o
 .debug_info    0x00009d5d      0xcd2 ./Core/Src/spi.o
 .debug_info    0x0000aa2f      0x295 ./Core/Src/stm32f4xx_hal_msp.o
 .debug_info    0x0000acc4     0x1071 ./Core/Src/stm32f4xx_it.o
 .debug_info    0x0000bd35      0x563 ./Core/Src/system_stm32f4xx.o
 .debug_info    0x0000c298       0xe8 ./Core/Src/thermistor.o
 .debug_info    0x0000c380      0xeff ./Core/Src/tim.o
 .debug_info    0x0000d27f      0x221 ./Core/Src/uart_cmd.o
 .debug_info    0x0000d4a0      0x96b ./Core/Src/uart_dma.o
 .debug_info    0x0000de0b      0xce6 ./Core/Src/usart.o
 .debug_info    0x0000eaf1       0x30 ./Core/Startup/startup_stm32f412rgtx.o
 .debug_info    0x0000eb21      0xa42 ./Drivers/STM32F4xx_HAL_Driver/Src/stm32f4xx_hal.o
 .debug_info    0x0000f563      0xe7c ./Drivers/STM32F4xx_HAL_Driver/Src/stm32f4xx_hal_adc.o
 .debug_info    0x000103df      0xc82 ./Drivers/STM32F4xx_HAL_Driver/Src/stm32f4xx_hal_adc_ex.o
 .debug_info    0x00011061     0x1011 ./Drivers/STM32F4xx_HAL_Driver/Src/stm32f4xx_hal_cortex.o
 .debug_info    0x00012072      0xb2e ./Drivers/STM32F4xx_HAL_Driver/Src/stm32f4xx_hal_dma.o
 .debug_info    0x00012ba0      0x754 ./Drivers/STM32F4xx_HAL_Driver/Src/stm32f4xx_hal_gpio.o
 .debug_info    0x000132f4      0xb21 ./Drivers/STM32F4xx_HAL_Driver/Src/stm32f4xx_hal_rcc.o
 .debug_info    0x00013e15      0x9db ./Drivers/STM32F4xx_HAL_Driver/Src/stm32f4xx_hal_rcc_ex.o
 .debug_info    0x000147f0     0x21bb ./Drivers/STM32F4xx_HAL_Driver/Src/stm32f4xx_hal_spi.o
 .debug_info    0x000169ab     0x4e7f ./Drivers/STM32F4xx_HAL_Driver/Src/stm32f4xx_hal_tim.o
 .debug_info    0x0001b82a     0x1c16 ./Drivers/STM32F4xx_HAL_Driver/Src/stm32f4xx_hal_tim_ex.o
 .debug_info    0x0001d440     0x486e ./Drivers/STM32F4xx_HAL_Driver/Src/stm32f4xx_hal_uart.o

.debug_abbrev   0x00000000     0x4d6d
 .debug_abbrev  0x00000000      0x245 ./Core/Src/adc.o
 .debug_abbrev  0x00000245      0x2aa ./Core/Src/cycle.o
 .debug_abbrev  0x000004ef      0x112 ./Core/Src/delay_us.o
 .debug_abbrev  0x00000601      0x12e ./Core/Src/dma.o
 .debug_abbrev  0x0000072f      0x191 ./Core/Src/gpio.o
 .debug_abbrev  0x000008c0      0x1c5 ./Core/Src/heat.o
 .debug_abbrev  0x00000a85      0x1e6 ./Core/Src/init.o
 .debug_abbrev  0x00000c6b      0x20b ./Core/Src/irq.o
 .debug_abbrev  0x00000e76      0x225 ./Core/Src/main.o
 .debug_abbrev  0x0000109b      0x195 ./Core/Src/nextion_com.o
 .debug_abbrev  0x00001230      0x3f7 ./Core/Src/nrf24l01p.o
 .debug_abbrev  0x00001627      0x13a ./Core/Src/relay.o
 .debug_abbrev  0x00001761      0x251 ./Core/Src/spi.o
 .debug_abbrev  0x000019b2       0xd6 ./Core/Src/stm32f4xx_hal_msp.o
 .debug_abbrev  0x00001a88      0x236 ./Core/Src/stm32f4xx_it.o
 .debug_abbrev  0x00001cbe      0x120 ./Core/Src/system_stm32f4xx.o
 .debug_abbrev  0x00001dde       0x96 ./Core/Src/thermistor.o
 .debug_abbrev  0x00001e74      0x296 ./Core/Src/tim.o
 .debug_abbrev  0x0000210a      0x13f ./Core/Src/uart_cmd.o
 .debug_abbrev  0x00002249      0x317 ./Core/Src/uart_dma.o
 .debug_abbrev  0x00002560      0x25b ./Core/Src/usart.o
 .debug_abbrev  0x000027bb       0x24 ./Core/Startup/startup_stm32f412rgtx.o
 .debug_abbrev  0x000027df      0x285 ./Drivers/STM32F4xx_HAL_Driver/Src/stm32f4xx_hal.o
 .debug_abbrev  0x00002a64      0x2f2 ./Drivers/STM32F4xx_HAL_Driver/Src/stm32f4xx_hal_adc.o
 .debug_abbrev  0x00002d56      0x2e1 ./Drivers/STM32F4xx_HAL_Driver/Src/stm32f4xx_hal_adc_ex.o
 .debug_abbrev  0x00003037      0x388 ./Drivers/STM32F4xx_HAL_Driver/Src/stm32f4xx_hal_cortex.o
 .debug_abbrev  0x000033bf      0x337 ./Drivers/STM32F4xx_HAL_Driver/Src/stm32f4xx_hal_dma.o
 .debug_abbrev  0x000036f6      0x215 ./Drivers/STM32F4xx_HAL_Driver/Src/stm32f4xx_hal_gpio.o
 .debug_abbrev  0x0000390b      0x352 ./Drivers/STM32F4xx_HAL_Driver/Src/stm32f4xx_hal_rcc.o
 .debug_abbrev  0x00003c5d      0x20c ./Drivers/STM32F4xx_HAL_Driver/Src/stm32f4xx_hal_rcc_ex.o
 .debug_abbrev  0x00003e69      0x3bd ./Drivers/STM32F4xx_HAL_Driver/Src/stm32f4xx_hal_spi.o
 .debug_abbrev  0x00004226      0x380 ./Drivers/STM32F4xx_HAL_Driver/Src/stm32f4xx_hal_tim.o
 .debug_abbrev  0x000045a6      0x38e ./Drivers/STM32F4xx_HAL_Driver/Src/stm32f4xx_hal_tim_ex.o
 .debug_abbrev  0x00004934      0x439 ./Drivers/STM32F4xx_HAL_Driver/Src/stm32f4xx_hal_uart.o

.debug_loclists
                0x00000000     0xf30b
 .debug_loclists
                0x00000000       0x45 ./Core/Src/adc.o
 .debug_loclists
                0x00000045       0xe1 ./Core/Src/cycle.o
 .debug_loclists
                0x00000126       0x3f ./Core/Src/delay_us.o
 .debug_loclists
                0x00000165      0x10e ./Core/Src/heat.o
 .debug_loclists
                0x00000273       0x46 ./Core/Src/irq.o
 .debug_loclists
                0x000002b9      0x5c2 ./Core/Src/nextion_com.o
 .debug_loclists
                0x0000087b      0x90d ./Core/Src/nrf24l01p.o
 .debug_loclists
                0x00001188       0xe4 ./Core/Src/relay.o
 .debug_loclists
                0x0000126c       0x47 ./Core/Src/spi.o
 .debug_loclists
                0x000012b3       0x7b ./Core/Src/system_stm32f4xx.o
 .debug_loclists
                0x0000132e       0x48 ./Core/Src/thermistor.o
 .debug_loclists
                0x00001376      0x110 ./Core/Src/tim.o
 .debug_loclists
                0x00001486      0x210 ./Core/Src/uart_cmd.o
 .debug_loclists
                0x00001696      0x1a3 ./Core/Src/uart_dma.o
 .debug_loclists
                0x00001839       0x45 ./Core/Src/usart.o
 .debug_loclists
                0x0000187e       0xf4 ./Drivers/STM32F4xx_HAL_Driver/Src/stm32f4xx_hal.o
 .debug_loclists
                0x00001972      0x769 ./Drivers/STM32F4xx_HAL_Driver/Src/stm32f4xx_hal_adc.o
 .debug_loclists
                0x000020db      0x78b ./Drivers/STM32F4xx_HAL_Driver/Src/stm32f4xx_hal_adc_ex.o
 .debug_loclists
                0x00002866      0x5dd ./Drivers/STM32F4xx_HAL_Driver/Src/stm32f4xx_hal_cortex.o
 .debug_loclists
                0x00002e43      0x6bc ./Drivers/STM32F4xx_HAL_Driver/Src/stm32f4xx_hal_dma.o
 .debug_loclists
                0x000034ff      0x68c ./Drivers/STM32F4xx_HAL_Driver/Src/stm32f4xx_hal_gpio.o
 .debug_loclists
                0x00003b8b      0x390 ./Drivers/STM32F4xx_HAL_Driver/Src/stm32f4xx_hal_rcc.o
 .debug_loclists
                0x00003f1b      0x515 ./Drivers/STM32F4xx_HAL_Driver/Src/stm32f4xx_hal_rcc_ex.o
 .debug_loclists
                0x00004430     0x189f ./Drivers/STM32F4xx_HAL_Driver/Src/stm32f4xx_hal_spi.o
 .debug_loclists
                0x00005ccf     0x5109 ./Drivers/STM32F4xx_HAL_Driver/Src/stm32f4xx_hal_tim.o
 .debug_loclists
                0x0000add8     0x11f6 ./Drivers/STM32F4xx_HAL_Driver/Src/stm32f4xx_hal_tim_ex.o
 .debug_loclists
                0x0000bfce     0x333d ./Drivers/STM32F4xx_HAL_Driver/Src/stm32f4xx_hal_uart.o

.debug_aranges  0x00000000     0x1250
 .debug_aranges
                0x00000000       0x30 ./Core/Src/adc.o
 .debug_aranges
                0x00000030       0x20 ./Core/Src/cycle.o
 .debug_aranges
                0x00000050       0x28 ./Core/Src/delay_us.o
 .debug_aranges
                0x00000078       0x20 ./Core/Src/dma.o
 .debug_aranges
                0x00000098       0x20 ./Core/Src/gpio.o
 .debug_aranges
                0x000000b8       0x20 ./Core/Src/heat.o
 .debug_aranges
                0x000000d8       0x20 ./Core/Src/init.o
 .debug_aranges
                0x000000f8       0x30 ./Core/Src/irq.o
 .debug_aranges
                0x00000128       0x30 ./Core/Src/main.o
 .debug_aranges
                0x00000158       0x20 ./Core/Src/nextion_com.o
 .debug_aranges
                0x00000178       0xa8 ./Core/Src/nrf24l01p.o
 .debug_aranges
                0x00000220       0x48 ./Core/Src/relay.o
 .debug_aranges
                0x00000268       0x30 ./Core/Src/spi.o
 .debug_aranges
                0x00000298       0x20 ./Core/Src/stm32f4xx_hal_msp.o
 .debug_aranges
                0x000002b8       0xc0 ./Core/Src/stm32f4xx_it.o
 .debug_aranges
                0x00000378       0x28 ./Core/Src/system_stm32f4xx.o
 .debug_aranges
                0x000003a0       0x20 ./Core/Src/thermistor.o
 .debug_aranges
                0x000003c0       0x58 ./Core/Src/tim.o
 .debug_aranges
                0x00000418       0x28 ./Core/Src/uart_cmd.o
 .debug_aranges
                0x00000440       0x50 ./Core/Src/uart_dma.o
 .debug_aranges
                0x00000490       0x30 ./Core/Src/usart.o
 .debug_aranges
                0x000004c0       0x28 ./Core/Startup/startup_stm32f412rgtx.o
 .debug_aranges
                0x000004e8       0xf0 ./Drivers/STM32F4xx_HAL_Driver/Src/stm32f4xx_hal.o
 .debug_aranges
                0x000005d8       0xe0 ./Drivers/STM32F4xx_HAL_Driver/Src/stm32f4xx_hal_adc.o
 .debug_aranges
                0x000006b8       0x90 ./Drivers/STM32F4xx_HAL_Driver/Src/stm32f4xx_hal_adc_ex.o
 .debug_aranges
                0x00000748       0xc0 ./Drivers/STM32F4xx_HAL_Driver/Src/stm32f4xx_hal_cortex.o
 .debug_aranges
                0x00000808       0x78 ./Drivers/STM32F4xx_HAL_Driver/Src/stm32f4xx_hal_dma.o
 .debug_aranges
                0x00000880       0x58 ./Drivers/STM32F4xx_HAL_Driver/Src/stm32f4xx_hal_gpio.o
 .debug_aranges
                0x000008d8       0x88 ./Drivers/STM32F4xx_HAL_Driver/Src/stm32f4xx_hal_rcc.o
 .debug_aranges
                0x00000960       0x60 ./Drivers/STM32F4xx_HAL_Driver/Src/stm32f4xx_hal_rcc_ex.o
 .debug_aranges
                0x000009c0      0x1d8 ./Drivers/STM32F4xx_HAL_Driver/Src/stm32f4xx_hal_spi.o
 .debug_aranges
                0x00000b98      0x380 ./Drivers/STM32F4xx_HAL_Driver/Src/stm32f4xx_hal_tim.o
 .debug_aranges
                0x00000f18      0x160 ./Drivers/STM32F4xx_HAL_Driver/Src/stm32f4xx_hal_tim_ex.o
 .debug_aranges
                0x00001078      0x1d8 ./Drivers/STM32F4xx_HAL_Driver/Src/stm32f4xx_hal_uart.o

.debug_rnglists
                0x00000000     0x2042
 .debug_rnglists
                0x00000000       0x39 ./Core/Src/adc.o
 .debug_rnglists
                0x00000039       0x8d ./Core/Src/cycle.o
 .debug_rnglists
                0x000000c6       0x19 ./Core/Src/delay_us.o
 .debug_rnglists
                0x000000df       0x25 ./Core/Src/dma.o
 .debug_rnglists
                0x00000104       0x2f ./Core/Src/gpio.o
 .debug_rnglists
                0x00000133       0xe9 ./Core/Src/heat.o
 .debug_rnglists
                0x0000021c       0x14 ./Core/Src/init.o
 .debug_rnglists
                0x00000230       0x20 ./Core/Src/irq.o
 .debug_rnglists
                0x00000250       0x44 ./Core/Src/main.o
 .debug_rnglists
                0x00000294       0xae ./Core/Src/nextion_com.o
 .debug_rnglists
                0x00000342      0x835 ./Core/Src/nrf24l01p.o
 .debug_rnglists
                0x00000b77       0x31 ./Core/Src/relay.o
 .debug_rnglists
                0x00000ba8       0x38 ./Core/Src/spi.o
 .debug_rnglists
                0x00000be0       0x1f ./Core/Src/stm32f4xx_hal_msp.o
 .debug_rnglists
                0x00000bff       0x8b ./Core/Src/stm32f4xx_it.o
 .debug_rnglists
                0x00000c8a       0x19 ./Core/Src/system_stm32f4xx.o
 .debug_rnglists
                0x00000ca3       0x13 ./Core/Src/thermistor.o
 .debug_rnglists
                0x00000cb6       0x7b ./Core/Src/tim.o
 .debug_rnglists
                0x00000d31       0x3d ./Core/Src/uart_cmd.o
 .debug_rnglists
                0x00000d6e       0xab ./Core/Src/uart_dma.o
 .debug_rnglists
                0x00000e19       0x38 ./Core/Src/usart.o
 .debug_rnglists
                0x00000e51       0x19 ./Core/Startup/startup_stm32f412rgtx.o
 .debug_rnglists
                0x00000e6a       0xaf ./Drivers/STM32F4xx_HAL_Driver/Src/stm32f4xx_hal.o
 .debug_rnglists
                0x00000f19       0xc7 ./Drivers/STM32F4xx_HAL_Driver/Src/stm32f4xx_hal_adc.o
 .debug_rnglists
                0x00000fe0       0x6c ./Drivers/STM32F4xx_HAL_Driver/Src/stm32f4xx_hal_adc_ex.o
 .debug_rnglists
                0x0000104c      0x100 ./Drivers/STM32F4xx_HAL_Driver/Src/stm32f4xx_hal_cortex.o
 .debug_rnglists
                0x0000114c       0x9e ./Drivers/STM32F4xx_HAL_Driver/Src/stm32f4xx_hal_dma.o
 .debug_rnglists
                0x000011ea       0x50 ./Drivers/STM32F4xx_HAL_Driver/Src/stm32f4xx_hal_gpio.o
 .debug_rnglists
                0x0000123a       0xca ./Drivers/STM32F4xx_HAL_Driver/Src/stm32f4xx_hal_rcc.o
 .debug_rnglists
                0x00001304       0x72 ./Drivers/STM32F4xx_HAL_Driver/Src/stm32f4xx_hal_rcc_ex.o
 .debug_rnglists
                0x00001376      0x25f ./Drivers/STM32F4xx_HAL_Driver/Src/stm32f4xx_hal_spi.o
 .debug_rnglists
                0x000015d5      0x63a ./Drivers/STM32F4xx_HAL_Driver/Src/stm32f4xx_hal_tim.o
 .debug_rnglists
                0x00001c0f      0x18a ./Drivers/STM32F4xx_HAL_Driver/Src/stm32f4xx_hal_tim_ex.o
 .debug_rnglists
                0x00001d99      0x2a9 ./Drivers/STM32F4xx_HAL_Driver/Src/stm32f4xx_hal_uart.o

.debug_macro    0x00000000    0x23f0c
 .debug_macro   0x00000000      0x219 ./Core/Src/adc.o
 .debug_macro   0x00000219      0xafc ./Core/Src/adc.o
 .debug_macro   0x00000d15      0x2a7 ./Core/Src/adc.o
 .debug_macro   0x00000fbc       0x2e ./Core/Src/adc.o
 .debug_macro   0x00000fea       0x28 ./Core/Src/adc.o
 .debug_macro   0x00001012       0x22 ./Core/Src/adc.o
 .debug_macro   0x00001034       0x8e ./Core/Src/adc.o
 .debug_macro   0x000010c2       0x51 ./Core/Src/adc.o
 .debug_macro   0x00001113      0x103 ./Core/Src/adc.o
 .debug_macro   0x00001216       0x6a ./Core/Src/adc.o
 .debug_macro   0x00001280      0x1df ./Core/Src/adc.o
 .debug_macro   0x0000145f       0x1c ./Core/Src/adc.o
 .debug_macro   0x0000147b       0x22 ./Core/Src/adc.o
 .debug_macro   0x0000149d       0xfb ./Core/Src/adc.o
 .debug_macro   0x00001598     0x1011 ./Core/Src/adc.o
 .debug_macro   0x000025a9      0x11f ./Core/Src/adc.o
 .debug_macro   0x000026c8    0x146b1 ./Core/Src/adc.o
 .debug_macro   0x00016d79       0x6d ./Core/Src/adc.o
 .debug_macro   0x00016de6     0x3693 ./Core/Src/adc.o
 .debug_macro   0x0001a479      0x190 ./Core/Src/adc.o
 .debug_macro   0x0001a609       0x5c ./Core/Src/adc.o
 .debug_macro   0x0001a665      0x902 ./Core/Src/adc.o
 .debug_macro   0x0001af67      0x9e9 ./Core/Src/adc.o
 .debug_macro   0x0001b950      0x115 ./Core/Src/adc.o
 .debug_macro   0x0001ba65      0x192 ./Core/Src/adc.o
 .debug_macro   0x0001bbf7       0xa5 ./Core/Src/adc.o
 .debug_macro   0x0001bc9c      0x158 ./Core/Src/adc.o
 .debug_macro   0x0001bdf4      0x287 ./Core/Src/adc.o
 .debug_macro   0x0001c07b       0x5f ./Core/Src/adc.o
 .debug_macro   0x0001c0da      0x236 ./Core/Src/adc.o
 .debug_macro   0x0001c310      0x9e1 ./Core/Src/adc.o
 .debug_macro   0x0001ccf1      0x38b ./Core/Src/adc.o
 .debug_macro   0x0001d07c      0x176 ./Core/Src/adc.o
 .debug_macro   0x0001d1f2       0xf9 ./Core/Src/adc.o
 .debug_macro   0x0001d2eb      0x132 ./Core/Src/adc.o
 .debug_macro   0x0001d41d      0x29c ./Core/Src/adc.o
 .debug_macro   0x0001d6b9       0x2e ./Core/Src/adc.o
 .debug_macro   0x0001d6e7      0x127 ./Core/Src/adc.o
 .debug_macro   0x0001d80e       0x91 ./Core/Src/adc.o
 .debug_macro   0x0001d89f       0x89 ./Core/Src/adc.o
 .debug_macro   0x0001d928      0x225 ./Core/Src/adc.o
 .debug_macro   0x0001db4d      0x8ed ./Core/Src/adc.o
 .debug_macro   0x0001e43a       0x4d ./Core/Src/adc.o
 .debug_macro   0x0001e487      0x2aa ./Core/Src/adc.o
 .debug_macro   0x0001e731      0x126 ./Core/Src/adc.o
 .debug_macro   0x0001e857       0x82 ./Core/Src/adc.o
 .debug_macro   0x0001e8d9      0x37c ./Core/Src/cycle.o
 .debug_macro   0x0001ec55       0x22 ./Core/Src/cycle.o
 .debug_macro   0x0001ec77      0x11f ./Core/Src/cycle.o
 .debug_macro   0x0001ed96       0x10 ./Core/Src/cycle.o
 .debug_macro   0x0001eda6       0x2a ./Core/Src/cycle.o
 .debug_macro   0x0001edd0       0x61 ./Core/Src/cycle.o
 .debug_macro   0x0001ee31       0x43 ./Core/Src/cycle.o
 .debug_macro   0x0001ee74       0x34 ./Core/Src/cycle.o
 .debug_macro   0x0001eea8       0x16 ./Core/Src/cycle.o
 .debug_macro   0x0001eebe       0x3c ./Core/Src/cycle.o
 .debug_macro   0x0001eefa      0x370 ./Core/Src/cycle.o
 .debug_macro   0x0001f26a       0x16 ./Core/Src/cycle.o
 .debug_macro   0x0001f280       0x4a ./Core/Src/cycle.o
 .debug_macro   0x0001f2ca       0x34 ./Core/Src/cycle.o
 .debug_macro   0x0001f2fe       0x10 ./Core/Src/cycle.o
 .debug_macro   0x0001f30e       0x58 ./Core/Src/cycle.o
 .debug_macro   0x0001f366       0x8e ./Core/Src/cycle.o
 .debug_macro   0x0001f3f4       0x1c ./Core/Src/cycle.o
 .debug_macro   0x0001f410      0x185 ./Core/Src/cycle.o
 .debug_macro   0x0001f595       0x16 ./Core/Src/cycle.o
 .debug_macro   0x0001f5ab       0x29 ./Core/Src/cycle.o
 .debug_macro   0x0001f5d4       0x16 ./Core/Src/cycle.o
 .debug_macro   0x0001f5ea       0x20 ./Core/Src/cycle.o
 .debug_macro   0x0001f60a      0x204 ./Core/Src/delay_us.o
 .debug_macro   0x0001f80e      0x219 ./Core/Src/dma.o
 .debug_macro   0x0001fa27      0x219 ./Core/Src/gpio.o
 .debug_macro   0x0001fc40      0x299 ./Core/Src/heat.o
 .debug_macro   0x0001fed9      0x27b ./Core/Src/init.o
 .debug_macro   0x00020154       0x88 ./Core/Src/init.o
 .debug_macro   0x000201dc      0x262 ./Core/Src/irq.o
 .debug_macro   0x0002043e      0x399 ./Core/Src/main.o
 .debug_macro   0x000207d7       0x10 ./Core/Src/main.o
 .debug_macro   0x000207e7       0x1c ./Core/Src/main.o
 .debug_macro   0x00020803       0x10 ./Core/Src/main.o
 .debug_macro   0x00020813       0x1c ./Core/Src/main.o
 .debug_macro   0x0002082f       0x16 ./Core/Src/main.o
 .debug_macro   0x00020845      0x146 ./Core/Src/main.o
 .debug_macro   0x0002098b      0x363 ./Core/Src/nextion_com.o
 .debug_macro   0x00020cee       0x16 ./Core/Src/nextion_com.o
 .debug_macro   0x00020d04       0x16 ./Core/Src/nextion_com.o
 .debug_macro   0x00020d1a      0x235 ./Core/Src/nrf24l01p.o
 .debug_macro   0x00020f4f      0x24b ./Core/Src/relay.o
 .debug_macro   0x0002119a      0x219 ./Core/Src/spi.o
 .debug_macro   0x000213b3      0x20f ./Core/Src/stm32f4xx_hal_msp.o
 .debug_macro   0x000215c2      0x219 ./Core/Src/stm32f4xx_it.o
 .debug_macro   0x000217db      0x200 ./Core/Src/system_stm32f4xx.o
 .debug_macro   0x000219db      0x219 ./Core/Src/thermistor.o
 .debug_macro   0x00021bf4      0x219 ./Core/Src/tim.o
 .debug_macro   0x00021e0d      0x2ed ./Core/Src/uart_cmd.o
 .debug_macro   0x000220fa       0x56 ./Core/Src/uart_cmd.o
 .debug_macro   0x00022150      0x301 ./Core/Src/uart_dma.o
 .debug_macro   0x00022451      0x219 ./Core/Src/usart.o
 .debug_macro   0x0002266a      0x260 ./Drivers/STM32F4xx_HAL_Driver/Src/stm32f4xx_hal.o
 .debug_macro   0x000228ca      0x201 ./Drivers/STM32F4xx_HAL_Driver/Src/stm32f4xx_hal_adc.o
 .debug_macro   0x00022acb      0x200 ./Drivers/STM32F4xx_HAL_Driver/Src/stm32f4xx_hal_adc_ex.o
 .debug_macro   0x00022ccb      0x200 ./Drivers/STM32F4xx_HAL_Driver/Src/stm32f4xx_hal_cortex.o
 .debug_macro   0x00022ecb      0x206 ./Drivers/STM32F4xx_HAL_Driver/Src/stm32f4xx_hal_dma.o
 .debug_macro   0x000230d1      0x206 ./Drivers/STM32F4xx_HAL_Driver/Src/stm32f4xx_hal_gpio.o
 .debug_macro   0x000232d7      0x224 ./Drivers/STM32F4xx_HAL_Driver/Src/stm32f4xx_hal_rcc.o
 .debug_macro   0x000234fb      0x200 ./Drivers/STM32F4xx_HAL_Driver/Src/stm32f4xx_hal_rcc_ex.o
 .debug_macro   0x000236fb      0x20f ./Drivers/STM32F4xx_HAL_Driver/Src/stm32f4xx_hal_spi.o
 .debug_macro   0x0002390a      0x201 ./Drivers/STM32F4xx_HAL_Driver/Src/stm32f4xx_hal_tim.o
 .debug_macro   0x00023b0b      0x200 ./Drivers/STM32F4xx_HAL_Driver/Src/stm32f4xx_hal_tim_ex.o
 .debug_macro   0x00023d0b      0x201 ./Drivers/STM32F4xx_HAL_Driver/Src/stm32f4xx_hal_uart.o

.debug_line     0x00000000    0x27172
 .debug_line    0x00000000      0xa7f ./Core/Src/adc.o
 .debug_line    0x00000a7f     0x105d ./Core/Src/cycle.o
 .debug_line    0x00001adc      0x828 ./Core/Src/delay_us.o
 .debug_line    0x00002304      0x7c1 ./Core/Src/dma.o
 .debug_line    0x00002ac5      0x861 ./Core/Src/gpio.o
 .debug_line    0x00003326      0xe47 ./Core/Src/heat.o
 .debug_line    0x0000416d      0x83b ./Core/Src/init.o
 .debug_line    0x000049a8      0x8e2 ./Core/Src/irq.o
 .debug_line    0x0000528a      0xb04 ./Core/Src/main.o
 .debug_line    0x00005d8e      0xffd ./Core/Src/nextion_com.o
 .debug_line    0x00006d8b     0x1d4d ./Core/Src/nrf24l01p.o
 .debug_line    0x00008ad8      0x896 ./Core/Src/relay.o
 .debug_line    0x0000936e      0x8d4 ./Core/Src/spi.o
 .debug_line    0x00009c42      0x7bd ./Core/Src/stm32f4xx_hal_msp.o
 .debug_line    0x0000a3ff      0x964 ./Core/Src/stm32f4xx_it.o
 .debug_line    0x0000ad63      0x83f ./Core/Src/system_stm32f4xx.o
 .debug_line    0x0000b5a2      0x7cb ./Core/Src/thermistor.o
 .debug_line    0x0000bd6d      0xaf0 ./Core/Src/tim.o
 .debug_line    0x0000c85d      0xa99 ./Core/Src/uart_cmd.o
 .debug_line    0x0000d2f6      0xc78 ./Core/Src/uart_dma.o
 .debug_line    0x0000df6e      0x946 ./Core/Src/usart.o
 .debug_line    0x0000e8b4       0x7a ./Core/Startup/startup_stm32f412rgtx.o
 .debug_line    0x0000e92e      0xb5d ./Drivers/STM32F4xx_HAL_Driver/Src/stm32f4xx_hal.o
 .debug_line    0x0000f48b     0x1626 ./Drivers/STM32F4xx_HAL_Driver/Src/stm32f4xx_hal_adc.o
 .debug_line    0x00010ab1     0x1285 ./Drivers/STM32F4xx_HAL_Driver/Src/stm32f4xx_hal_adc_ex.o
 .debug_line    0x00011d36      0xe3f ./Drivers/STM32F4xx_HAL_Driver/Src/stm32f4xx_hal_cortex.o
 .debug_line    0x00012b75     0x14e7 ./Drivers/STM32F4xx_HAL_Driver/Src/stm32f4xx_hal_dma.o
 .debug_line    0x0001405c     0x1045 ./Drivers/STM32F4xx_HAL_Driver/Src/stm32f4xx_hal_gpio.o
 .debug_line    0x000150a1     0x1228 ./Drivers/STM32F4xx_HAL_Driver/Src/stm32f4xx_hal_rcc.o
 .debug_line    0x000162c9     0x1540 ./Drivers/STM32F4xx_HAL_Driver/Src/stm32f4xx_hal_rcc_ex.o
 .debug_line    0x00017809     0x3251 ./Drivers/STM32F4xx_HAL_Driver/Src/stm32f4xx_hal_spi.o
 .debug_line    0x0001aa5a     0x641b ./Drivers/STM32F4xx_HAL_Driver/Src/stm32f4xx_hal_tim.o
 .debug_line    0x00020e75     0x1d41 ./Drivers/STM32F4xx_HAL_Driver/Src/stm32f4xx_hal_tim_ex.o
 .debug_line    0x00022bb6     0x45bc ./Drivers/STM32F4xx_HAL_Driver/Src/stm32f4xx_hal_uart.o

.debug_str      0x00000000    0xd1049
 .debug_str     0x00000000    0xd1049 ./Core/Src/adc.o
                              0xc8748 (size before relaxing)
 .debug_str     0x000d1049        0x0 ./Core/Src/cycle.o
                              0xcb7ab (size before relaxing)
 .debug_str     0x000d1049        0x0 ./Core/Src/delay_us.o
                              0xc7a7d (size before relaxing)
 .debug_str     0x000d1049        0x0 ./Core/Src/dma.o
                              0xc814f (size before relaxing)
 .debug_str     0x000d1049        0x0 ./Core/Src/gpio.o
                              0xc821d (size before relaxing)
 .debug_str     0x000d1049        0x0 ./Core/Src/heat.o
                              0xc84aa (size before relaxing)
 .debug_str     0x000d1049        0x0 ./Core/Src/init.o
                              0xc8b3f (size before relaxing)
 .debug_str     0x000d1049        0x0 ./Core/Src/irq.o
                              0xc89ac (size before relaxing)
 .debug_str     0x000d1049        0x0 ./Core/Src/main.o
                              0xcbcdc (size before relaxing)
 .debug_str     0x000d1049        0x0 ./Core/Src/nextion_com.o
                              0xcb45e (size before relaxing)
 .debug_str     0x000d1049        0x0 ./Core/Src/nrf24l01p.o
                              0xc8884 (size before relaxing)
 .debug_str     0x000d1049        0x0 ./Core/Src/relay.o
                              0xc7c25 (size before relaxing)
 .debug_str     0x000d1049        0x0 ./Core/Src/spi.o
                              0xc86bd (size before relaxing)
 .debug_str     0x000d1049        0x0 ./Core/Src/stm32f4xx_hal_msp.o
                              0xc7c58 (size before relaxing)
 .debug_str     0x000d1049        0x0 ./Core/Src/stm32f4xx_it.o
                              0xc87f8 (size before relaxing)
 .debug_str     0x000d1049        0x0 ./Core/Src/system_stm32f4xx.o
                              0xc7b55 (size before relaxing)
 .debug_str     0x000d1049        0x0 ./Core/Src/thermistor.o
                              0xc7b45 (size before relaxing)
 .debug_str     0x000d1049        0x0 ./Core/Src/tim.o
                              0xc87f5 (size before relaxing)
 .debug_str     0x000d1049        0x0 ./Core/Src/uart_cmd.o
                              0xcada5 (size before relaxing)
 .debug_str     0x000d1049        0x0 ./Core/Src/uart_dma.o
                              0xcb346 (size before relaxing)
 .debug_str     0x000d1049        0x0 ./Core/Src/usart.o
                              0xc8728 (size before relaxing)
 .debug_str     0x000d1049        0x0 ./Core/Startup/startup_stm32f412rgtx.o
                                 0x7a (size before relaxing)
 .debug_str     0x000d1049        0x0 ./Drivers/STM32F4xx_HAL_Driver/Src/stm32f4xx_hal.o
                              0xc86b3 (size before relaxing)
 .debug_str     0x000d1049        0x0 ./Drivers/STM32F4xx_HAL_Driver/Src/stm32f4xx_hal_adc.o
                              0xc811e (size before relaxing)
 .debug_str     0x000d1049        0x0 ./Drivers/STM32F4xx_HAL_Driver/Src/stm32f4xx_hal_adc_ex.o
                              0xc8172 (size before relaxing)
 .debug_str     0x000d1049        0x0 ./Drivers/STM32F4xx_HAL_Driver/Src/stm32f4xx_hal_cortex.o
                              0xc840b (size before relaxing)
 .debug_str     0x000d1049        0x0 ./Drivers/STM32F4xx_HAL_Driver/Src/stm32f4xx_hal_dma.o
                              0xc7f4b (size before relaxing)
 .debug_str     0x000d1049        0x0 ./Drivers/STM32F4xx_HAL_Driver/Src/stm32f4xx_hal_gpio.o
                              0xc7cd6 (size before relaxing)
 .debug_str     0x000d1049        0x0 ./Drivers/STM32F4xx_HAL_Driver/Src/stm32f4xx_hal_rcc.o
                              0xc7f9f (size before relaxing)
 .debug_str     0x000d1049        0x0 ./Drivers/STM32F4xx_HAL_Driver/Src/stm32f4xx_hal_rcc_ex.o
                              0xc7e8e (size before relaxing)
 .debug_str     0x000d1049        0x0 ./Drivers/STM32F4xx_HAL_Driver/Src/stm32f4xx_hal_spi.o
                              0xc83ef (size before relaxing)
 .debug_str     0x000d1049        0x0 ./Drivers/STM32F4xx_HAL_Driver/Src/stm32f4xx_hal_tim.o
                              0xc8ebb (size before relaxing)
 .debug_str     0x000d1049        0x0 ./Drivers/STM32F4xx_HAL_Driver/Src/stm32f4xx_hal_tim_ex.o
                              0xc86c7 (size before relaxing)
 .debug_str     0x000d1049        0x0 ./Drivers/STM32F4xx_HAL_Driver/Src/stm32f4xx_hal_uart.o
                              0xc8557 (size before relaxing)

.comment        0x00000000       0x43
 .comment       0x00000000       0x43 ./Core/Src/adc.o
                                 0x44 (size before relaxing)
 .comment       0x00000043        0x0 ./Core/Src/cycle.o
                                 0x44 (size before relaxing)
 .comment       0x00000043        0x0 ./Core/Src/delay_us.o
                                 0x44 (size before relaxing)
 .comment       0x00000043        0x0 ./Core/Src/dma.o
                                 0x44 (size before relaxing)
 .comment       0x00000043        0x0 ./Core/Src/gpio.o
                                 0x44 (size before relaxing)
 .comment       0x00000043        0x0 ./Core/Src/heat.o
                                 0x44 (size before relaxing)
 .comment       0x00000043        0x0 ./Core/Src/init.o
                                 0x44 (size before relaxing)
 .comment       0x00000043        0x0 ./Core/Src/irq.o
                                 0x44 (size before relaxing)
 .comment       0x00000043        0x0 ./Core/Src/main.o
                                 0x44 (size before relaxing)
 .comment       0x00000043        0x0 ./Core/Src/nextion_com.o
                                 0x44 (size before relaxing)
 .comment       0x00000043        0x0 ./Core/Src/nrf24l01p.o
                                 0x44 (size before relaxing)
 .comment       0x00000043        0x0 ./Core/Src/relay.o
                                 0x44 (size before relaxing)
 .comment       0x00000043        0x0 ./Core/Src/spi.o
                                 0x44 (size before relaxing)
 .comment       0x00000043        0x0 ./Core/Src/stm32f4xx_hal_msp.o
                                 0x44 (size before relaxing)
 .comment       0x00000043        0x0 ./Core/Src/stm32f4xx_it.o
                                 0x44 (size before relaxing)